Archive member included to satisfy reference by file (symbol)

/home/robi/ChibiStudio/tools/GNU Tools ARM Embedded/9.2.1 2019q4/bin/../lib/gcc/arm-none-eabi/9.2.1/../../../../arm-none-eabi/lib/thumb/v7e-m/nofp/libg.a(lib_a-memcmp.o)
                              /tmp/ch.elf.Aq8eU8.ltrans0.ltrans.o (memcmp)
/home/robi/ChibiStudio/tools/GNU Tools ARM Embedded/9.2.1 2019q4/bin/../lib/gcc/arm-none-eabi/9.2.1/../../../../arm-none-eabi/lib/thumb/v7e-m/nofp/libg.a(lib_a-memcpy.o)
                              /tmp/ch.elf.Aq8eU8.ltrans0.ltrans.o (memcpy)
/home/robi/ChibiStudio/tools/GNU Tools ARM Embedded/9.2.1 2019q4/bin/../lib/gcc/arm-none-eabi/9.2.1/../../../../arm-none-eabi/lib/thumb/v7e-m/nofp/libg.a(lib_a-memset.o)
                              /tmp/ch.elf.Aq8eU8.ltrans0.ltrans.o (memset)
/home/robi/ChibiStudio/tools/GNU Tools ARM Embedded/9.2.1 2019q4/bin/../lib/gcc/arm-none-eabi/9.2.1/../../../../arm-none-eabi/lib/thumb/v7e-m/nofp/libg.a(lib_a-strchr.o)
                              /tmp/ch.elf.Aq8eU8.ltrans0.ltrans.o (strchr)
/home/robi/ChibiStudio/tools/GNU Tools ARM Embedded/9.2.1 2019q4/bin/../lib/gcc/arm-none-eabi/9.2.1/../../../../arm-none-eabi/lib/thumb/v7e-m/nofp/libg.a(lib_a-strcmp.o)
                              /tmp/ch.elf.Aq8eU8.ltrans0.ltrans.o (strcmp)
/home/robi/ChibiStudio/tools/GNU Tools ARM Embedded/9.2.1 2019q4/bin/../lib/gcc/arm-none-eabi/9.2.1/../../../../arm-none-eabi/lib/thumb/v7e-m/nofp/libg.a(lib_a-strncmp.o)
                              /tmp/ch.elf.Aq8eU8.ltrans0.ltrans.o (strncmp)
/home/robi/ChibiStudio/tools/GNU Tools ARM Embedded/9.2.1 2019q4/bin/../lib/gcc/arm-none-eabi/9.2.1/../../../../arm-none-eabi/lib/thumb/v7e-m/nofp/libg.a(lib_a-strncpy.o)
                              /tmp/ch.elf.Aq8eU8.ltrans0.ltrans.o (strncpy)
/home/robi/ChibiStudio/tools/GNU Tools ARM Embedded/9.2.1 2019q4/bin/../lib/gcc/arm-none-eabi/9.2.1/../../../../arm-none-eabi/lib/thumb/v7e-m/nofp/libg.a(lib_a-strpbrk.o)
                              /tmp/ch.elf.Aq8eU8.ltrans0.ltrans.o (strpbrk)
/home/robi/ChibiStudio/tools/GNU Tools ARM Embedded/9.2.1 2019q4/bin/../lib/gcc/arm-none-eabi/9.2.1/../../../../arm-none-eabi/lib/thumb/v7e-m/nofp/libg.a(lib_a-strspn.o)
                              /tmp/ch.elf.Aq8eU8.ltrans0.ltrans.o (strspn)

Discarded input sections

 .data          0x0000000000000000        0x0 ./build/obj/crt0_v7m.o
 .bss           0x0000000000000000        0x0 ./build/obj/crt0_v7m.o
 .data          0x0000000000000000        0x0 ./build/obj/vectors.o
 .bss           0x0000000000000000        0x0 ./build/obj/vectors.o
 .data          0x0000000000000000        0x0 ./build/obj/chcoreasm_v7m.o
 .bss           0x0000000000000000        0x0 ./build/obj/chcoreasm_v7m.o
 .text          0x0000000000000000        0x0 /tmp/ch.elf.Aq8eU8.ltrans0.ltrans.o
 .data          0x0000000000000000        0x0 /tmp/ch.elf.Aq8eU8.ltrans0.ltrans.o
 .bss           0x0000000000000000        0x0 /tmp/ch.elf.Aq8eU8.ltrans0.ltrans.o
 .text          0x0000000000000000        0x0 /tmp/ch.elf.Aq8eU8.ltrans1.ltrans.o
 .data          0x0000000000000000        0x0 /tmp/ch.elf.Aq8eU8.ltrans1.ltrans.o
 .bss           0x0000000000000000        0x0 /tmp/ch.elf.Aq8eU8.ltrans1.ltrans.o
 .comment       0x0000000000000000       0x7a /tmp/ccfNP7P1.debug.temp.o
 .comment       0x0000000000000000       0x7a /tmp/ccNP7xop.debug.temp.o
 .comment       0x0000000000000000       0x7a /tmp/ccm2jxUp.debug.temp.o
 .comment       0x0000000000000000       0x7a /tmp/ccvmjUyg.debug.temp.o
 .comment       0x0000000000000000       0x7a /tmp/ccqZbveU.debug.temp.o
 .comment       0x0000000000000000       0x7a /tmp/ccdwXODA.debug.temp.o
 .debug_info    0x0000000000000000     0x1124 /tmp/cc2Z1zTR.debug.temp.o
 .debug_abbrev  0x0000000000000000      0x202 /tmp/cc2Z1zTR.debug.temp.o
 .debug_line    0x0000000000000000      0x532 /tmp/cc2Z1zTR.debug.temp.o
 .debug_str     0x0000000000000000      0x993 /tmp/cc2Z1zTR.debug.temp.o
 .comment       0x0000000000000000       0x7a /tmp/cc2Z1zTR.debug.temp.o
 .comment       0x0000000000000000       0x7a /tmp/ccxY6wHA.debug.temp.o
 .comment       0x0000000000000000       0x7a /tmp/cc8pOrQT.debug.temp.o
 .comment       0x0000000000000000       0x7a /tmp/ccfR0nAv.debug.temp.o
 .comment       0x0000000000000000       0x7a /tmp/cccF0Jov.debug.temp.o
 .comment       0x0000000000000000       0x7a /tmp/ccs9qMH7.debug.temp.o
 .debug_info    0x0000000000000000     0x19a2 /tmp/cc6MKgmx.debug.temp.o
 .debug_abbrev  0x0000000000000000      0x243 /tmp/cc6MKgmx.debug.temp.o
 .debug_line    0x0000000000000000      0x553 /tmp/cc6MKgmx.debug.temp.o
 .debug_str     0x0000000000000000      0xd83 /tmp/cc6MKgmx.debug.temp.o
 .comment       0x0000000000000000       0x7a /tmp/cc6MKgmx.debug.temp.o
 .debug_info    0x0000000000000000     0x1124 /tmp/cckqybpc.debug.temp.o
 .debug_abbrev  0x0000000000000000      0x202 /tmp/cckqybpc.debug.temp.o
 .debug_line    0x0000000000000000      0x532 /tmp/cckqybpc.debug.temp.o
[...]
Memory Configuration

Name             Origin             Length             Attributes
flash0           0x0000000008000000 0x0000000000100000 xr
flash1           0x0000000000000000 0x0000000000000000 xr
flash2           0x0000000000000000 0x0000000000000000 xr
flash3           0x0000000000000000 0x0000000000000000 xr
flash4           0x0000000000000000 0x0000000000000000 xr
flash5           0x0000000000000000 0x0000000000000000 xr
flash6           0x0000000000000000 0x0000000000000000 xr
flash7           0x0000000000000000 0x0000000000000000 xr
ram0             0x0000000020000000 0x0000000000060000 xw
ram1             0x0000000020000000 0x0000000000028000 xw
ram2             0x0000000020028000 0x0000000000008000 xw
ram3             0x0000000020030000 0x0000000000020000 xw
ram4             0x0000000010000000 0x0000000000010000 xw
ram5             0x0000000040024000 0x0000000000001000 xw
ram6             0x0000000000000000 0x0000000000000000 xw
ram7             0x0000000000000000 0x0000000000000000 xw
*default*        0x0000000000000000 0xffffffffffffffff

Linker script and memory map

LOAD ./build/obj/crt0_v7m.o
LOAD ./build/obj/vectors.o
LOAD ./build/obj/chcoreasm_v7m.o
LOAD /tmp/ch.elf.Aq8eU8.ltrans0.ltrans.o
LOAD /tmp/ch.elf.Aq8eU8.ltrans1.ltrans.o
LOAD /tmp/ccfNP7P1.debug.temp.o
LOAD /tmp/ccNP7xop.debug.temp.o
LOAD /tmp/ccm2jxUp.debug.temp.o
LOAD /tmp/ccvmjUyg.debug.temp.o
LOAD /tmp/ccqZbveU.debug.temp.o
LOAD /tmp/ccdwXODA.debug.temp.o
LOAD /tmp/cc2Z1zTR.debug.temp.o
LOAD /tmp/ccxY6wHA.debug.temp.o
LOAD /tmp/cc8pOrQT.debug.temp.o
LOAD /tmp/ccfR0nAv.debug.temp.o
LOAD /tmp/cccF0Jov.debug.temp.o
LOAD /tmp/ccs9qMH7.debug.temp.o
LOAD /tmp/cc6MKgmx.debug.temp.o
LOAD /tmp/cckqybpc.debug.temp.o
LOAD /tmp/ccZUvUH7.debug.temp.o
LOAD /tmp/cckHnoF3.debug.temp.o
LOAD /tmp/ccBYQSnH.debug.temp.o
LOAD /tmp/ccomqAWU.debug.temp.o
LOAD /tmp/ccYGm6Rq.debug.temp.o
LOAD /tmp/ccz1PshI.debug.temp.o
LOAD /tmp/ccC0RDDK.debug.temp.o
LOAD /tmp/ccFxHI0J.debug.temp.o
LOAD /tmp/ccEQQXzU.debug.temp.o
LOAD /tmp/cc09WfkA.debug.temp.o
LOAD /tmp/ccdXOooV.debug.temp.o
LOAD /tmp/ccvjax7p.debug.temp.o
LOAD /tmp/ccOQRDMl.debug.temp.o
LOAD /tmp/ccKEzqGz.debug.temp.o
LOAD /tmp/ccDDoTGM.debug.temp.o
LOAD /tmp/ccuFWKkl.debug.temp.o
LOAD /tmp/ccHBZSED.debug.temp.o
LOAD /tmp/ccgf73Az.debug.temp.o
LOAD /tmp/ccIulrce.debug.temp.o
LOAD /tmp/ccOYXhfq.debug.temp.o
LOAD /tmp/ccSw7K2x.debug.temp.o
LOAD /tmp/ccp8NT3U.debug.temp.o
LOAD /tmp/ccxShnYU.debug.temp.o
LOAD /tmp/cceAsXHs.debug.temp.o
LOAD /tmp/cc8F6FQD.debug.temp.o
LOAD /tmp/ccVC3Xer.debug.temp.o
LOAD /tmp/ccV56LLe.debug.temp.o
LOAD /tmp/ccHD1GAx.debug.temp.o
LOAD /tmp/cc1sQDID.debug.temp.o
LOAD /tmp/ccHBnyF5.debug.temp.o
LOAD /tmp/ccwC8j8T.debug.temp.o
LOAD /tmp/ccSYEVyI.debug.temp.o
LOAD /tmp/cc8Vt5Ey.debug.temp.o
LOAD /tmp/ccWp1qlZ.debug.temp.o
LOAD /tmp/ccss4SUd.debug.temp.o
LOAD /tmp/ccFpl9EO.debug.temp.o
LOAD /tmp/ccKsZrjr.debug.temp.o
LOAD /tmp/cc5Tk3NT.debug.temp.o
LOAD /tmp/ccC1gKBD.debug.temp.o
LOAD /tmp/ccyRS7nm.debug.temp.o
LOAD /tmp/ccSRYnjJ.debug.temp.o
LOAD /tmp/ccIvRXGJ.debug.temp.o
LOAD /tmp/ccJOiAkx.debug.temp.o
LOAD /tmp/cc45cqgS.debug.temp.o
LOAD /tmp/ccEzW1Wr.debug.temp.o
LOAD /tmp/cc0hqyEk.debug.temp.o
LOAD /tmp/ccLdUi1Q.debug.temp.o
LOAD /tmp/ccBjXh7F.debug.temp.o
LOAD /tmp/ccxEf1SX.debug.temp.o
LOAD /tmp/ccSscXap.debug.temp.o
LOAD /tmp/ccspzyyK.debug.temp.o
LOAD /tmp/ccULV8IY.debug.temp.o
LOAD /tmp/cc5LeWVE.debug.temp.o
LOAD /tmp/cc9fpNzI.debug.temp.o
LOAD /tmp/ccjmdCqt.debug.temp.o
LOAD /tmp/cckgEkRc.debug.temp.o
LOAD /tmp/ccn84AAD.debug.temp.o
LOAD /tmp/cc1k94Oa.debug.temp.o
LOAD /tmp/ccJoCP27.debug.temp.o

.mstack         0x0000000020000000      0x400
                0x0000000020000000                . = ALIGN (0x8)
                0x0000000020000000                __main_stack_base__ = .
                0x0000000020000400                . = (. + __main_stack_size__)
 *fill*         0x0000000020000000      0x400 
                0x0000000020000400                . = ALIGN (0x8)
                0x0000000020000400                __main_stack_end__ = .

.pstack         0x0000000020000400      0x400
                0x0000000020000400                . = ALIGN (0x8)
                0x0000000020000400                __process_stack_base__ = .
                0x0000000020000400                __main_thread_stack_base__ = .
                0x0000000020000800                . = (. + __process_stack_size__)
 *fill*         0x0000000020000400      0x400 
                0x0000000020000800                . = ALIGN (0x8)
                0x0000000020000800                __process_stack_end__ = .
                0x0000000020000800                __main_thread_stack_end__ = .

.vectors        0x0000000008000000      0x1e0
 *(.vectors)
 .vectors       0x0000000008000000      0x1e0 ./build/obj/vectors.o
                0x0000000008000000                _vectors

.xtors          0x00000000080001e0        0x0
                0x00000000080001e0                __init_array_base__ = .
 *(SORT_BY_NAME(.init_array.*))
 *(.init_array)
                0x00000000080001e0                __init_array_end__ = .
                0x00000000080001e0                __fini_array_base__ = .
 *(.fini_array)
 *(SORT_BY_NAME(.fini_array.*))
                0x00000000080001e0                __fini_array_end__ = .

.text           0x00000000080001e0     0x9ee0
                0x00000000080001e0                __text_base__ = .
 *(.text)
 .text          0x00000000080001e0       0xd8 ./build/obj/crt0_v7m.o
                0x00000000080001e0                _crt0_entry
 .text          0x00000000080002b8        0x8 ./build/obj/vectors.o
                0x00000000080002b8                Reset_Handler
                0x00000000080002ba                Vector58
                0x00000000080002ba                VectorE8
                0x00000000080002ba                Vector9C
                0x00000000080002ba                VectorAC
                0x00000000080002ba                DebugMon_Handler
                0x00000000080002ba                Vector1A0
                0x00000000080002ba                Vector5C
                0x00000000080002ba                Vector11C
                0x00000000080002ba                HardFault_Handler
                0x00000000080002ba                Vector1B8
                0x00000000080002ba                Vector19C
                0x00000000080002ba                Vector8C
                0x00000000080002ba                SysTick_Handler
                0x00000000080002ba                PendSV_Handler
                0x00000000080002ba                Vector168
                0x00000000080002ba                NMI_Handler
                0x00000000080002ba                Vector110
                0x00000000080002ba                Vector120
                0x00000000080002ba                Vector1D8
                0x00000000080002ba                VectorC8
                0x00000000080002ba                Vector94
                0x00000000080002ba                VectorA8
                0x00000000080002ba                VectorB4
                0x00000000080002ba                Vector74
                0x00000000080002ba                Vector160
                0x00000000080002ba                Vector1B0
                0x00000000080002ba                UsageFault_Handler
                0x00000000080002ba                VectorEC
                0x00000000080002ba                Vector40
                0x00000000080002ba                VectorF8
                0x00000000080002ba                Vector108
                0x00000000080002ba                VectorBC
                0x00000000080002ba                Vector190
                0x00000000080002ba                Vector150
                0x00000000080002ba                Vector124
                0x00000000080002ba                Vector1C4
                0x00000000080002ba                Vector1CC
                0x00000000080002ba                Vector148
                0x00000000080002ba                Vector188
                0x00000000080002ba                Vector198
                0x00000000080002ba                Vector118
                0x00000000080002ba                Vector64
                0x00000000080002ba                VectorCC
                0x00000000080002ba                Vector54
                0x00000000080002ba                Vector98
                0x00000000080002ba                VectorD8
                0x00000000080002ba                Vector138
                0x00000000080002ba                Vector24
                0x00000000080002ba                Vector1AC
                0x00000000080002ba                Vector178
                0x00000000080002ba                Vector84
                0x00000000080002ba                Vector1A4
                0x00000000080002ba                VectorD0
                0x00000000080002ba                Vector1B4
                0x00000000080002ba                Vector140
                0x00000000080002ba                VectorE4
                0x00000000080002ba                VectorC0
                0x00000000080002ba                Vector158
                0x00000000080002ba                Vector130
                0x00000000080002ba                Vector1C0
                0x00000000080002ba                Vector134
                0x00000000080002ba                Vector1D0
                0x00000000080002ba                VectorF0
                0x00000000080002ba                Vector12C
                0x00000000080002ba                Vector13C
                0x00000000080002ba                Vector100
                0x00000000080002ba                VectorE0
                0x00000000080002ba                VectorF4
                0x00000000080002ba                MemManage_Handler
                0x00000000080002ba                Vector6C
                0x00000000080002ba                VectorA0
                0x00000000080002ba                VectorC4
                0x00000000080002ba                Vector7C
                0x00000000080002ba                Vector180
                0x00000000080002ba                Vector90
                0x00000000080002ba                Vector114
                0x00000000080002ba                Vector164
                0x00000000080002ba                Vector60
                0x00000000080002ba                Vector1C
                0x00000000080002ba                Vector1BC
                0x00000000080002ba                Vector1D4
                0x00000000080002ba                Vector17C
                0x00000000080002ba                Vector48
                0x00000000080002ba                Vector1A8
                0x00000000080002ba                Vector16C
                0x00000000080002ba                Vector70
                0x00000000080002ba                VectorD4
                0x00000000080002ba                Vector4C
                0x00000000080002ba                Vector144
                0x00000000080002ba                Vector80
                0x00000000080002ba                Vector15C
                0x00000000080002ba                Vector68
                0x00000000080002ba                Vector78
                0x00000000080002ba                Vector170
                0x00000000080002ba                Vector88
                0x00000000080002ba                Vector104
                0x00000000080002ba                Vector184
                0x00000000080002ba                Vector10C
                0x00000000080002ba                Vector14C
                0x00000000080002ba                BusFault_Handler
                0x00000000080002ba                Vector50
                0x00000000080002ba                Vector1C8
                0x00000000080002ba                Vector194
                0x00000000080002ba                Vector1DC
                0x00000000080002ba                Vector154
                0x00000000080002ba                Vector44
                0x00000000080002ba                Vector28
                0x00000000080002ba                VectorB8
                0x00000000080002ba                VectorFC
                0x00000000080002ba                Vector34
                0x00000000080002ba                Vector128
                0x00000000080002ba                VectorA4
                0x00000000080002ba                Vector20
                0x00000000080002ba                Vector18C
                0x00000000080002ba                Vector174
                0x00000000080002be                _unhandled_exception
 .text          0x00000000080002c0       0x2a ./build/obj/chcoreasm_v7m.o
                0x00000000080002c0                _port_switch
                0x00000000080002d0                _port_thread_start
                0x00000000080002e2                _port_switch_from_isr
                0x00000000080002e6                _port_exit_from_isr
 *fill*         0x00000000080002ea        0x2 
 .text          0x00000000080002ec      0x134 /home/robi/ChibiStudio/tools/GNU Tools ARM Embedded/9.2.1 2019q4/bin/../lib/gcc/arm-none-eabi/9.2.1/../../../../arm-none-eabi/lib/thumb/v7e-m/nofp/libg.a(lib_a-memcpy.o)
                0x00000000080002ec                memcpy
 .text          0x0000000008000420      0x2dc /home/robi/ChibiStudio/tools/GNU Tools ARM Embedded/9.2.1 2019q4/bin/../lib/gcc/arm-none-eabi/9.2.1/../../../../arm-none-eabi/lib/thumb/v7e-m/nofp/libg.a(lib_a-strcmp.o)
                0x0000000008000428                strcmp
 *(.text.*)
 *fill*         0x00000000080006fc        0x4 
 .text.chMtxTryLock.constprop.0
                0x0000000008000700       0x34 /tmp/ch.elf.Aq8eU8.ltrans0.ltrans.o
 *fill*         0x0000000008000734        0xc 
 .text.chEvtGetAndClearEvents.constprop.0
                0x0000000008000740       0x1c /tmp/ch.elf.Aq8eU8.ltrans0.ltrans.o
 *fill*         0x000000000800075c        0x4 
 .text._test_assert_time_window.constprop.0
                0x0000000008000760       0x34 /tmp/ch.elf.Aq8eU8.ltrans0.ltrans.o
 *fill*         0x0000000008000794        0xc 
 .text.chCoreAllocFromTop
                0x00000000080007a0       0x3c /tmp/ch.elf.Aq8eU8.ltrans0.ltrans.o
 *fill*         0x00000000080007dc        0x4 
 .text.oslib_test_008_001_setup
                0x00000000080007e0       0x38 /tmp/ch.elf.Aq8eU8.ltrans0.ltrans.o
 *fill*         0x0000000008000818        0x8 
 .text.oslib_test_007_003_setup
                0x0000000008000820       0x1c /tmp/ch.elf.Aq8eU8.ltrans0.ltrans.o
 *fill*         0x000000000800083c        0x4 
 .text.oslib_test_007_002_setup
                0x0000000008000840        0x4 /tmp/ch.elf.Aq8eU8.ltrans0.ltrans.o
 *fill*         0x0000000008000844        0xc 
 .text.null_provider
                0x0000000008000850        0x4 /tmp/ch.elf.Aq8eU8.ltrans0.ltrans.o
 *fill*         0x0000000008000854        0xc 
 .text.oslib_test_007_001_setup
                0x0000000008000860       0x14 /tmp/ch.elf.Aq8eU8.ltrans0.ltrans.o
 *fill*         0x0000000008000874        0xc 
 .text.__ch_delegate_fn0
                0x0000000008000880        0xc /tmp/ch.elf.Aq8eU8.ltrans0.ltrans.o
 *fill*         0x000000000800088c        0x4 
 .text.__ch_delegate_fn1
                0x0000000008000890       0x1c /tmp/ch.elf.Aq8eU8.ltrans0.ltrans.o
 *fill*         0x00000000080008ac        0x4 
 .text.__ch_delegate_fn2
                0x00000000080008b0       0x1c /tmp/ch.elf.Aq8eU8.ltrans0.ltrans.o
 *fill*         0x00000000080008cc        0x4 
 .text.__ch_delegate_fn3
                0x00000000080008d0       0x20 /tmp/ch.elf.Aq8eU8.ltrans0.ltrans.o
 .text.__ch_delegate_fn4
                0x00000000080008f0       0x20 /tmp/ch.elf.Aq8eU8.ltrans0.ltrans.o
 .text.oslib_test_003_002_setup
                0x0000000008000910       0x48 /tmp/ch.elf.Aq8eU8.ltrans0.ltrans.o
 *fill*         0x0000000008000958        0x8 
 .text.oslib_test_003_001_setup
                0x0000000008000960       0x48 /tmp/ch.elf.Aq8eU8.ltrans0.ltrans.o
 *fill*         0x00000000080009a8        0x8 
 .text.oslib_test_002_003_setup
                0x00000000080009b0       0x34 /tmp/ch.elf.Aq8eU8.ltrans0.ltrans.o
 *fill*         0x00000000080009e4        0xc 
 .text.oslib_test_002_002_setup
                0x00000000080009f0        0x4 /tmp/ch.elf.Aq8eU8.ltrans0.ltrans.o
 *fill*         0x00000000080009f4        0xc 
 .text.oslib_test_002_001_setup
                0x0000000008000a00        0x4 /tmp/ch.elf.Aq8eU8.ltrans0.ltrans.o
 *fill*         0x0000000008000a04        0xc 
 .text.rt_test_011_011_setup
                0x0000000008000a10       0x10 /tmp/ch.elf.Aq8eU8.ltrans0.ltrans.o
 .text.rt_test_011_010_setup
                0x0000000008000a20       0x10 /tmp/ch.elf.Aq8eU8.ltrans0.ltrans.o
 .text.tmo      0x0000000008000a30        0x4 /tmp/ch.elf.Aq8eU8.ltrans0.ltrans.o
 *fill*         0x0000000008000a34        0xc 
 .text.rt_test_011_007_setup
                0x0000000008000a40       0x10 /tmp/ch.elf.Aq8eU8.ltrans0.ltrans.o
 .text.rt_test_010_002_setup
                0x0000000008000a50       0x18 /tmp/ch.elf.Aq8eU8.ltrans0.ltrans.o
 *fill*         0x0000000008000a68        0x8 
 .text.rt_test_010_001_setup
                0x0000000008000a70       0x38 /tmp/ch.elf.Aq8eU8.ltrans0.ltrans.o
 *fill*         0x0000000008000aa8        0x8 
 .text.rt_test_009_007_setup
                0x0000000008000ab0       0x18 /tmp/ch.elf.Aq8eU8.ltrans0.ltrans.o
 *fill*         0x0000000008000ac8        0x8 
 .text.rt_test_009_006_setup
                0x0000000008000ad0        0x4 /tmp/ch.elf.Aq8eU8.ltrans0.ltrans.o
 *fill*         0x0000000008000ad4        0xc 
 .text.rt_test_009_005_setup
                0x0000000008000ae0        0x4 /tmp/ch.elf.Aq8eU8.ltrans0.ltrans.o
 *fill*         0x0000000008000ae4        0xc 
 .text.rt_test_009_004_setup
                0x0000000008000af0        0x4 /tmp/ch.elf.Aq8eU8.ltrans0.ltrans.o
 *fill*         0x0000000008000af4        0xc 
 .text.rt_test_009_003_setup
                0x0000000008000b00        0x4 /tmp/ch.elf.Aq8eU8.ltrans0.ltrans.o
 *fill*         0x0000000008000b04        0xc 
 .text.rt_test_009_002_setup
                0x0000000008000b10        0x4 /tmp/ch.elf.Aq8eU8.ltrans0.ltrans.o
 *fill*         0x0000000008000b14        0xc 
 .text.rt_test_007_009_setup
                0x0000000008000b20       0x28 /tmp/ch.elf.Aq8eU8.ltrans0.ltrans.o
 *fill*         0x0000000008000b48        0x8 
 .text.rt_test_007_008_setup
                0x0000000008000b50       0x1c /tmp/ch.elf.Aq8eU8.ltrans0.ltrans.o
 *fill*         0x0000000008000b6c        0x4 
 .text.rt_test_007_007_setup
                0x0000000008000b70        0x4 /tmp/ch.elf.Aq8eU8.ltrans0.ltrans.o
 *fill*         0x0000000008000b74        0xc 
 .text.rt_test_007_005_setup
                0x0000000008000b80       0x10 /tmp/ch.elf.Aq8eU8.ltrans0.ltrans.o
 .text.rt_test_007_004_setup
                0x0000000008000b90       0x1c /tmp/ch.elf.Aq8eU8.ltrans0.ltrans.o
 *fill*         0x0000000008000bac        0x4 
 .text.rt_test_007_001_setup
                0x0000000008000bb0        0x4 /tmp/ch.elf.Aq8eU8.ltrans0.ltrans.o
 *fill*         0x0000000008000bb4        0xc 
 .text.rt_test_006_005_setup
                0x0000000008000bc0       0x10 /tmp/ch.elf.Aq8eU8.ltrans0.ltrans.o
 .text.rt_test_006_004_setup
                0x0000000008000bd0        0x4 /tmp/ch.elf.Aq8eU8.ltrans0.ltrans.o
 *fill*         0x0000000008000bd4        0xc 
 .text.rt_test_006_003_setup
                0x0000000008000be0        0x4 /tmp/ch.elf.Aq8eU8.ltrans0.ltrans.o
 *fill*         0x0000000008000be4        0xc 
 .text.rt_test_006_002_setup
                0x0000000008000bf0        0x4 /tmp/ch.elf.Aq8eU8.ltrans0.ltrans.o
 *fill*         0x0000000008000bf4        0xc 
 .text.rt_test_006_001_setup
                0x0000000008000c00       0x10 /tmp/ch.elf.Aq8eU8.ltrans0.ltrans.o
 .text.rt_test_005_001_setup
                0x0000000008000c10        0xc /tmp/ch.elf.Aq8eU8.ltrans0.ltrans.o
 *fill*         0x0000000008000c1c        0x4 
 .text._test_assert
                0x0000000008000c20       0x28 /tmp/ch.elf.Aq8eU8.ltrans0.ltrans.o
 *fill*         0x0000000008000c48        0x8 
 .text.rt_test_003_002_execute
                0x0000000008000c50        0xc /tmp/ch.elf.Aq8eU8.ltrans0.ltrans.o
 *fill*         0x0000000008000c5c        0x4 
 .text.rt_test_003_001_execute
                0x0000000008000c60       0x18 /tmp/ch.elf.Aq8eU8.ltrans0.ltrans.o
 *fill*         0x0000000008000c78        0x8 
 .text.rt_test_002_003_execute
                0x0000000008000c80       0x24 /tmp/ch.elf.Aq8eU8.ltrans0.ltrans.o
 *fill*         0x0000000008000ca4        0xc 
 .text.test_terminate_threads
                0x0000000008000cb0       0x34 /tmp/ch.elf.Aq8eU8.ltrans0.ltrans.o
 *fill*         0x0000000008000ce4        0xc 
 .text.test_printn.part.0
                0x0000000008000cf0       0x54 /tmp/ch.elf.Aq8eU8.ltrans0.ltrans.o
 *fill*         0x0000000008000d44        0xc 
 .text.test_printn
                0x0000000008000d50       0x18 /tmp/ch.elf.Aq8eU8.ltrans0.ltrans.o
 *fill*         0x0000000008000d68        0x8 
 .text.test_emit_token
                0x0000000008000d70       0x28 /tmp/ch.elf.Aq8eU8.ltrans0.ltrans.o
 *fill*         0x0000000008000d98        0x8 
 .text.obj_write
                0x0000000008000da0       0x10 /tmp/ch.elf.Aq8eU8.ltrans0.ltrans.o
 .text.dis_func0
                0x0000000008000db0       0x10 /tmp/ch.elf.Aq8eU8.ltrans0.ltrans.o
 .text.dis_func1
                0x0000000008000dc0       0x10 /tmp/ch.elf.Aq8eU8.ltrans0.ltrans.o
 .text.dis_func2
                0x0000000008000dd0       0x18 /tmp/ch.elf.Aq8eU8.ltrans0.ltrans.o
 *fill*         0x0000000008000de8        0x8 
 .text.dis_func3
                0x0000000008000df0       0x20 /tmp/ch.elf.Aq8eU8.ltrans0.ltrans.o
 .text.dis_func4
                0x0000000008000e10       0x28 /tmp/ch.elf.Aq8eU8.ltrans0.ltrans.o
 *fill*         0x0000000008000e38        0x8 
 .text.dis_func_end
                0x0000000008000e40       0x18 /tmp/ch.elf.Aq8eU8.ltrans0.ltrans.o
 *fill*         0x0000000008000e58        0x8 
 .text.h3       0x0000000008000e60        0x8 /tmp/ch.elf.Aq8eU8.ltrans0.ltrans.o
 *fill*         0x0000000008000e68        0x8 
 .text.h2       0x0000000008000e70        0x8 /tmp/ch.elf.Aq8eU8.ltrans0.ltrans.o
 *fill*         0x0000000008000e78        0x8 
 .text.h1       0x0000000008000e80        0x8 /tmp/ch.elf.Aq8eU8.ltrans0.ltrans.o
 *fill*         0x0000000008000e88        0x8 
 .text.thread   0x0000000008000e90        0x8 /tmp/ch.elf.Aq8eU8.ltrans0.ltrans.o
 *fill*         0x0000000008000e98        0x8 
 .text.dyn_thread1
                0x0000000008000ea0        0x4 /tmp/ch.elf.Aq8eU8.ltrans0.ltrans.o
 *fill*         0x0000000008000ea4        0xc 
 .text.test_println
                0x0000000008000eb0       0x38 /tmp/ch.elf.Aq8eU8.ltrans0.ltrans.o
 *fill*         0x0000000008000ee8        0x8 
 .text.test_print
                0x0000000008000ef0       0x24 /tmp/ch.elf.Aq8eU8.ltrans0.ltrans.o
 *fill*         0x0000000008000f14        0xc 
 .text._test_assert_sequence
                0x0000000008000f20       0x4c /tmp/ch.elf.Aq8eU8.ltrans0.ltrans.o
 *fill*         0x0000000008000f6c        0x4 
 .text.rt_test_009_002_execute
                0x0000000008000f70       0x50 /tmp/ch.elf.Aq8eU8.ltrans0.ltrans.o
 .text.print_line
                0x0000000008000fc0       0x2c /tmp/ch.elf.Aq8eU8.ltrans0.ltrans.o
 *fill*         0x0000000008000fec        0x4 
 .text.chCoreAllocAlignedI
                0x0000000008000ff0       0x28 /tmp/ch.elf.Aq8eU8.ltrans0.ltrans.o
 *fill*         0x0000000008001018        0x8 
 .text.chPoolAlloc
                0x0000000008001020       0x30 /tmp/ch.elf.Aq8eU8.ltrans0.ltrans.o
 .text.oslib_test_007_001_execute
                0x0000000008001050      0x110 /tmp/ch.elf.Aq8eU8.ltrans0.ltrans.o
 .text.chEvtAddEvents
                0x0000000008001160       0x1c /tmp/ch.elf.Aq8eU8.ltrans0.ltrans.o
 *fill*         0x000000000800117c        0x4 
 .text.chEvtUnregister
                0x0000000008001180       0x2c /tmp/ch.elf.Aq8eU8.ltrans0.ltrans.o
 *fill*         0x00000000080011ac        0x4 
 .text.rt_test_009_001_execute
                0x00000000080011b0       0xf4 /tmp/ch.elf.Aq8eU8.ltrans0.ltrans.o
 *fill*         0x00000000080012a4        0xc 
 .text.chTMStopMeasurementX
                0x00000000080012b0       0x44 /tmp/ch.elf.Aq8eU8.ltrans0.ltrans.o
 *fill*         0x00000000080012f4        0xc 
 .text.chTMStartMeasurementX
                0x0000000008001300        0xc /tmp/ch.elf.Aq8eU8.ltrans0.ltrans.o
 *fill*         0x000000000800130c        0x4 
 .text.chThdCreateSuspendedI
                0x0000000008001310       0x78 /tmp/ch.elf.Aq8eU8.ltrans0.ltrans.o
 *fill*         0x0000000008001388        0x8 
 .text.wakeup   0x0000000008001390       0x6c /tmp/ch.elf.Aq8eU8.ltrans0.ltrans.o
 *fill*         0x00000000080013fc        0x4 
 .text.chSchReadyI
                0x0000000008001400       0x24 /tmp/ch.elf.Aq8eU8.ltrans0.ltrans.o
 *fill*         0x0000000008001424        0xc 
 .text.chThdDequeueNextI.constprop.0
                0x0000000008001430       0x18 /tmp/ch.elf.Aq8eU8.ltrans0.ltrans.o
 *fill*         0x0000000008001448        0x8 
 .text.chMBPostI.constprop.0
                0x0000000008001450       0x48 /tmp/ch.elf.Aq8eU8.ltrans0.ltrans.o
 *fill*         0x0000000008001498        0x8 
 .text.chMBPostAheadI.constprop.0
                0x00000000080014a0       0x48 /tmp/ch.elf.Aq8eU8.ltrans0.ltrans.o
 *fill*         0x00000000080014e8        0x8 
 .text.chMBFetchI.constprop.0
                0x00000000080014f0       0x48 /tmp/ch.elf.Aq8eU8.ltrans0.ltrans.o
 *fill*         0x0000000008001538        0x8 
 .text.chThdDequeueAllI.constprop.0
                0x0000000008001540       0x24 /tmp/ch.elf.Aq8eU8.ltrans0.ltrans.o
 *fill*         0x0000000008001564        0xc 
 .text.chCondSignalI.constprop.0
                0x0000000008001570       0x1c /tmp/ch.elf.Aq8eU8.ltrans0.ltrans.o
 *fill*         0x000000000800158c        0x4 
 .text.chEvtSignalI
                0x0000000008001590       0x2c /tmp/ch.elf.Aq8eU8.ltrans0.ltrans.o
 *fill*         0x00000000080015bc        0x4 
 .text.chEvtBroadcastFlagsI
                0x00000000080015c0       0x2c /tmp/ch.elf.Aq8eU8.ltrans0.ltrans.o
 *fill*         0x00000000080015ec        0x4 
 .text.chMtxUnlockS
                0x00000000080015f0       0x4c /tmp/ch.elf.Aq8eU8.ltrans0.ltrans.o
 *fill*         0x000000000800163c        0x4 
 .text.chSemSignalI
                0x0000000008001640       0x20 /tmp/ch.elf.Aq8eU8.ltrans0.ltrans.o
 .text.chCacheReleaseObjectI
                0x0000000008001660       0x80 /tmp/ch.elf.Aq8eU8.ltrans0.ltrans.o
 .text.chVTDoResetI
                0x00000000080016e0       0x80 /tmp/ch.elf.Aq8eU8.ltrans0.ltrans.o
 .text.chVTDoSetI
                0x0000000008001760       0x84 /tmp/ch.elf.Aq8eU8.ltrans0.ltrans.o
 *fill*         0x00000000080017e4        0xc 
 .text.chSysGetStatusAndLockX.part.0
                0x00000000080017f0        0xc /tmp/ch.elf.Aq8eU8.ltrans0.ltrans.o
 *fill*         0x00000000080017fc        0x4 
 .text.chSysIntegrityCheckI
                0x0000000008001800       0xb4 /tmp/ch.elf.Aq8eU8.ltrans0.ltrans.o
 *fill*         0x00000000080018b4        0xc 
 .text.rt_test_002_001_execute
                0x00000000080018c0       0xa8 /tmp/ch.elf.Aq8eU8.ltrans0.ltrans.o
 *fill*         0x0000000008001968        0x8 
 .text._idle_thread
                0x0000000008001970        0x4 /tmp/ch.elf.Aq8eU8.ltrans0.ltrans.o
 *fill*         0x0000000008001974        0xc 
 .text.oslib_test_001_003_execute
                0x0000000008001980      0x178 /tmp/ch.elf.Aq8eU8.ltrans0.ltrans.o
 *fill*         0x0000000008001af8        0x8 
 .text.oslib_test_001_002_execute
                0x0000000008001b00       0x8c /tmp/ch.elf.Aq8eU8.ltrans0.ltrans.o
 *fill*         0x0000000008001b8c        0x4 
 .text.rt_test_011_012_execute
                0x0000000008001b90      0x100 /tmp/ch.elf.Aq8eU8.ltrans0.ltrans.o
 .text.rt_test_001_003_execute
                0x0000000008001c90      0x2d8 /tmp/ch.elf.Aq8eU8.ltrans0.ltrans.o
 *fill*         0x0000000008001f68        0x8 
 .text.rt_test_001_002_execute
                0x0000000008001f70       0x8c /tmp/ch.elf.Aq8eU8.ltrans0.ltrans.o
 *fill*         0x0000000008001ffc        0x4 
 .text.rt_test_001_001_execute
                0x0000000008002000       0xa8 /tmp/ch.elf.Aq8eU8.ltrans0.ltrans.o
 *fill*         0x00000000080020a8        0x8 
 .text.oslib_test_001_001_execute
                0x00000000080020b0        0x4 /tmp/ch.elf.Aq8eU8.ltrans0.ltrans.o
 *fill*         0x00000000080020b4        0xc 
 .text.parse_arguments
                0x00000000080020c0       0x58 /tmp/ch.elf.Aq8eU8.ltrans0.ltrans.o
 *fill*         0x0000000008002118        0x8 
 .text.chprintf
                0x0000000008002120      0x4ac /tmp/ch.elf.Aq8eU8.ltrans0.ltrans.o
 *fill*         0x00000000080025cc        0x4 
 .text.cmd_systime
                0x00000000080025d0       0x30 /tmp/ch.elf.Aq8eU8.ltrans0.ltrans.o
 .text.cmd_echo
                0x0000000008002600       0x20 /tmp/ch.elf.Aq8eU8.ltrans0.ltrans.o
 .text.cmd_info
                0x0000000008002620       0xbc /tmp/ch.elf.Aq8eU8.ltrans0.ltrans.o
 *fill*         0x00000000080026dc        0x4 
 .text.dyn_find_object
                0x00000000080026e0       0x34 /tmp/ch.elf.Aq8eU8.ltrans0.ltrans.o
 *fill*         0x0000000008002714        0xc 
 .text.dyn_create_object_pool
                0x0000000008002720       0x50 /tmp/ch.elf.Aq8eU8.ltrans0.ltrans.o
 .text._port_irq_epilogue
                0x0000000008002770       0x4c /tmp/ch.elf.Aq8eU8.ltrans0.ltrans.o
                0x0000000008002770                _port_irq_epilogue
 *fill*         0x00000000080027bc        0x4 
 .text.SVC_Handler
                0x00000000080027c0       0x14 /tmp/ch.elf.Aq8eU8.ltrans0.ltrans.o
                0x00000000080027c0                SVC_Handler
 *fill*         0x00000000080027d4        0xc 
 .text.trace_next.lto_priv.0
                0x00000000080027e0       0x38 /tmp/ch.elf.Aq8eU8.ltrans0.ltrans.o
                0x00000000080027e0                trace_next.lto_priv.0
 *fill*         0x0000000008002818        0x8 
 .text._trace_switch.constprop.0
                0x0000000008002820       0x28 /tmp/ch.elf.Aq8eU8.ltrans0.ltrans.o
 *fill*         0x0000000008002848        0x8 
 .text.chThdYield
                0x0000000008002850       0x60 /tmp/ch.elf.Aq8eU8.ltrans0.ltrans.o
 .text.bmk_thread8
                0x00000000080028b0       0x2c /tmp/ch.elf.Aq8eU8.ltrans0.ltrans.o
 *fill*         0x00000000080028dc        0x4 
 .text.chSchDoRescheduleAhead
                0x00000000080028e0       0x48 /tmp/ch.elf.Aq8eU8.ltrans0.ltrans.o
                0x00000000080028e0                chSchDoReschedule
 *fill*         0x0000000008002928        0x8 
 .text.chSchRescheduleS
                0x0000000008002930       0x18 /tmp/ch.elf.Aq8eU8.ltrans0.ltrans.o
 *fill*         0x0000000008002948        0x8 
 .text.chSemResetWithMessage.constprop.0
                0x0000000008002950       0x38 /tmp/ch.elf.Aq8eU8.ltrans0.ltrans.o
 *fill*         0x0000000008002988        0x8 
 .text.rt_test_006_001_teardown
                0x0000000008002990        0xc /tmp/ch.elf.Aq8eU8.ltrans0.ltrans.o
 *fill*         0x000000000800299c        0x4 
 .text.chMBReset.constprop.0
                0x00000000080029a0       0x38 /tmp/ch.elf.Aq8eU8.ltrans0.ltrans.o
 *fill*         0x00000000080029d8        0x8 
 .text.oslib_test_002_003_teardown
                0x00000000080029e0        0x4 /tmp/ch.elf.Aq8eU8.ltrans0.ltrans.o
 *fill*         0x00000000080029e4        0xc 
 .text.oslib_test_002_002_teardown
                0x00000000080029f0        0x4 /tmp/ch.elf.Aq8eU8.ltrans0.ltrans.o
 *fill*         0x00000000080029f4        0xc 
 .text.oslib_test_002_001_teardown
                0x0000000008002a00        0x4 /tmp/ch.elf.Aq8eU8.ltrans0.ltrans.o
 *fill*         0x0000000008002a04        0xc 
 .text.obj_read
                0x0000000008002a10       0x3c /tmp/ch.elf.Aq8eU8.ltrans0.ltrans.o
 *fill*         0x0000000008002a4c        0x4 
 .text.thread4  0x0000000008002a50       0x2c /tmp/ch.elf.Aq8eU8.ltrans0.ltrans.o
 *fill*         0x0000000008002a7c        0x4 
 .text.thread1.lto_priv.0
                0x0000000008002a80       0x34 /tmp/ch.elf.Aq8eU8.ltrans0.ltrans.o
 *fill*         0x0000000008002ab4        0xc 
 .text.chGuardedPoolLoadArray
                0x0000000008002ac0       0x34 /tmp/ch.elf.Aq8eU8.ltrans0.ltrans.o
 *fill*         0x0000000008002af4        0xc 
 .text.chMtxUnlock
                0x0000000008002b00       0x60 /tmp/ch.elf.Aq8eU8.ltrans0.ltrans.o
 .text.rt_test_007_005_execute
                0x0000000008002b60      0x164 /tmp/ch.elf.Aq8eU8.ltrans0.ltrans.o
 *fill*         0x0000000008002cc4        0xc 
 .text.chThdSetPriority
                0x0000000008002cd0       0x30 /tmp/ch.elf.Aq8eU8.ltrans0.ltrans.o
 .text.rt_test_004_004_execute
                0x0000000008002d00       0xdc /tmp/ch.elf.Aq8eU8.ltrans0.ltrans.o
 *fill*         0x0000000008002ddc        0x4 
 .text.rt_test_004_003_execute
                0x0000000008002de0       0x8c /tmp/ch.elf.Aq8eU8.ltrans0.ltrans.o
 *fill*         0x0000000008002e6c        0x4 
 .text.chSysRestoreStatusX.part.0
                0x0000000008002e70       0x20 /tmp/ch.elf.Aq8eU8.ltrans0.ltrans.o
 .text.vtcb     0x0000000008002e90       0x28 /tmp/ch.elf.Aq8eU8.ltrans0.ltrans.o
 *fill*         0x0000000008002eb8        0x8 
 .text.chSchWakeupS
                0x0000000008002ec0       0x68 /tmp/ch.elf.Aq8eU8.ltrans0.ltrans.o
 *fill*         0x0000000008002f28        0x8 
 .text.chThdCreateStatic.constprop.0
                0x0000000008002f30       0x80 /tmp/ch.elf.Aq8eU8.ltrans0.ltrans.o
 .text.chCondSignal.constprop.0
                0x0000000008002fb0       0x28 /tmp/ch.elf.Aq8eU8.ltrans0.ltrans.o
 *fill*         0x0000000008002fd8        0x8 
 .text.chThdCreateFromMemoryPool.constprop.0
                0x0000000008002fe0       0x60 /tmp/ch.elf.Aq8eU8.ltrans0.ltrans.o
 .text.chSemSignal
                0x0000000008003040       0x34 /tmp/ch.elf.Aq8eU8.ltrans0.ltrans.o
 *fill*         0x0000000008003074        0xc 
 .text.chThdCreate
                0x0000000008003080       0x20 /tmp/ch.elf.Aq8eU8.ltrans0.ltrans.o
 .text.chSchGoSleepS
                0x00000000080030a0       0x30 /tmp/ch.elf.Aq8eU8.ltrans0.ltrans.o
 .text.chSemSignalWait.constprop.0
                0x00000000080030d0       0x68 /tmp/ch.elf.Aq8eU8.ltrans0.ltrans.o
 *fill*         0x0000000008003138        0x8 
 .text.rt_test_006_005_execute
                0x0000000008003140       0x9c /tmp/ch.elf.Aq8eU8.ltrans0.ltrans.o
 *fill*         0x00000000080031dc        0x4 
 .text.chEvtWaitOne.constprop.0
                0x00000000080031e0       0x38 /tmp/ch.elf.Aq8eU8.ltrans0.ltrans.o
 *fill*         0x0000000008003218        0x8 
 .text.chEvtWaitAny.constprop.0
                0x0000000008003220       0x38 /tmp/ch.elf.Aq8eU8.ltrans0.ltrans.o
 *fill*         0x0000000008003258        0x8 
 .text.chEvtWaitAll.constprop.0
                0x0000000008003260       0x38 /tmp/ch.elf.Aq8eU8.ltrans0.ltrans.o
 *fill*         0x0000000008003298        0x8 
 .text.bmk_thread4
                0x00000000080032a0       0x24 /tmp/ch.elf.Aq8eU8.ltrans0.ltrans.o
 *fill*         0x00000000080032c4        0xc 
 .text.chSchGoSleepTimeoutS
                0x00000000080032d0       0x44 /tmp/ch.elf.Aq8eU8.ltrans0.ltrans.o
 *fill*         0x0000000008003314        0xc 
 .text.chSemWaitTimeout.constprop.0
                0x0000000008003320       0x50 /tmp/ch.elf.Aq8eU8.ltrans0.ltrans.o
 .text.rt_test_009_006_execute
                0x0000000008003370      0x170 /tmp/ch.elf.Aq8eU8.ltrans0.ltrans.o
 .text.chGuardedPoolAllocTimeout
                0x00000000080034e0       0x68 /tmp/ch.elf.Aq8eU8.ltrans0.ltrans.o
 *fill*         0x0000000008003548        0x8 
 .text.oslib_test_007_003_execute
                0x0000000008003550       0x30 /tmp/ch.elf.Aq8eU8.ltrans0.ltrans.o
 .text.oslib_test_007_002_execute
                0x0000000008003580       0xe4 /tmp/ch.elf.Aq8eU8.ltrans0.ltrans.o
 *fill*         0x0000000008003664        0xc 
 .text.chThdEnqueueTimeoutS
                0x0000000008003670       0x28 /tmp/ch.elf.Aq8eU8.ltrans0.ltrans.o
                0x0000000008003670                chThdEnqueueTimeoutS
 *fill*         0x0000000008003698        0x8 
 .text.chMBPostAheadTimeout.constprop.0
                0x00000000080036a0       0x74 /tmp/ch.elf.Aq8eU8.ltrans0.ltrans.o
 *fill*         0x0000000008003714        0xc 
 .text.chMBFetchTimeout
                0x0000000008003720       0x64 /tmp/ch.elf.Aq8eU8.ltrans0.ltrans.o
 *fill*         0x0000000008003784        0xc 
 .text.Thread1.lto_priv.0
                0x0000000008003790       0x50 /tmp/ch.elf.Aq8eU8.ltrans0.ltrans.o
 .text.chMBPostTimeout
                0x00000000080037e0       0x70 /tmp/ch.elf.Aq8eU8.ltrans0.ltrans.o
 .text.oslib_test_002_003_execute
                0x0000000008003850      0x120 /tmp/ch.elf.Aq8eU8.ltrans0.ltrans.o
 .text.oslib_test_002_002_execute
                0x0000000008003970      0x2f8 /tmp/ch.elf.Aq8eU8.ltrans0.ltrans.o
 *fill*         0x0000000008003c68        0x8 
 .text.oslib_test_002_001_execute
                0x0000000008003c70      0x32c /tmp/ch.elf.Aq8eU8.ltrans0.ltrans.o
 *fill*         0x0000000008003f9c        0x4 
 .text.chThdSleep
                0x0000000008003fa0       0x18 /tmp/ch.elf.Aq8eU8.ltrans0.ltrans.o
 *fill*         0x0000000008003fb8        0x8 
 .text.Thread1.lto_priv.2
                0x0000000008003fc0       0x50 /tmp/ch.elf.Aq8eU8.ltrans0.ltrans.o
 .text.Thread2  0x0000000008004010       0x50 /tmp/ch.elf.Aq8eU8.ltrans0.ltrans.o
 .text.job_slow
                0x0000000008004060       0x14 /tmp/ch.elf.Aq8eU8.ltrans0.ltrans.o
 *fill*         0x0000000008004074        0xc 
 .text.evt_thread7
                0x0000000008004080       0x40 /tmp/ch.elf.Aq8eU8.ltrans0.ltrans.o
 .text.evt_thread3
                0x00000000080040c0       0x28 /tmp/ch.elf.Aq8eU8.ltrans0.ltrans.o
 *fill*         0x00000000080040e8        0x8 
 .text.thread2  0x00000000080040f0       0x28 /tmp/ch.elf.Aq8eU8.ltrans0.ltrans.o
 *fill*         0x0000000008004118        0x8 
 .text.rt_test_004_001_execute
                0x0000000008004120       0xb8 /tmp/ch.elf.Aq8eU8.ltrans0.ltrans.o
 *fill*         0x00000000080041d8        0x8 
 .text.rt_test_002_002_execute
                0x00000000080041e0       0xd4 /tmp/ch.elf.Aq8eU8.ltrans0.ltrans.o
 *fill*         0x00000000080042b4        0xc 
 .text.test_wait_tick
                0x00000000080042c0       0x1c /tmp/ch.elf.Aq8eU8.ltrans0.ltrans.o
 *fill*         0x00000000080042dc        0x4 
 .text.rt_test_011_009_execute
                0x00000000080042e0       0x9c /tmp/ch.elf.Aq8eU8.ltrans0.ltrans.o
 *fill*         0x000000000800437c        0x4 
 .text.test_execute
                0x0000000008004380      0x450 /tmp/ch.elf.Aq8eU8.ltrans0.ltrans.o
 .text.test_rt  0x00000000080047d0        0xc /tmp/ch.elf.Aq8eU8.ltrans0.ltrans.o
 *fill*         0x00000000080047dc        0x4 
 .text.test_oslib
                0x00000000080047e0        0xc /tmp/ch.elf.Aq8eU8.ltrans0.ltrans.o
 *fill*         0x00000000080047ec        0x4 
 .text.chMsgWaitS
                0x00000000080047f0       0x34 /tmp/ch.elf.Aq8eU8.ltrans0.ltrans.o
 *fill*         0x0000000008004824        0xc 
 .text.bmk_thread1
                0x0000000008004830       0x28 /tmp/ch.elf.Aq8eU8.ltrans0.ltrans.o
 *fill*         0x0000000008004858        0x8 
 .text.chMsgSend
                0x0000000008004860       0x40 /tmp/ch.elf.Aq8eU8.ltrans0.ltrans.o
 .text.msg_loop_test
                0x00000000080048a0       0x3c /tmp/ch.elf.Aq8eU8.ltrans0.ltrans.o
 *fill*         0x00000000080048dc        0x4 
 .text.msg_thread1
                0x00000000080048e0       0x28 /tmp/ch.elf.Aq8eU8.ltrans0.ltrans.o
 *fill*         0x0000000008004908        0x8 
 .text.chDelegateCallVeneer
                0x0000000008004910       0x24 /tmp/ch.elf.Aq8eU8.ltrans0.ltrans.o
 *fill*         0x0000000008004934        0xc 
 .text.chMtxLockS
                0x0000000008004940       0xc0 /tmp/ch.elf.Aq8eU8.ltrans0.ltrans.o
 .text.thread4B
                0x0000000008004a00       0x30 /tmp/ch.elf.Aq8eU8.ltrans0.ltrans.o
 .text.chMtxLock
                0x0000000008004a30       0x14 /tmp/ch.elf.Aq8eU8.ltrans0.ltrans.o
 *fill*         0x0000000008004a44        0xc 
 .text.chHeapAllocAligned.constprop.0
                0x0000000008004a50       0xec /tmp/ch.elf.Aq8eU8.ltrans0.ltrans.o
 *fill*         0x0000000008004b3c        0x4 
 .text.dyn_create_object_heap
                0x0000000008004b40       0x54 /tmp/ch.elf.Aq8eU8.ltrans0.ltrans.o
 *fill*         0x0000000008004b94        0xc 
 .text.chThdCreateFromHeap
                0x0000000008004ba0       0x4c /tmp/ch.elf.Aq8eU8.ltrans0.ltrans.o
 *fill*         0x0000000008004bec        0x4 
 .text.chPipeWriteTimeout.constprop.0
                0x0000000008004bf0       0xe0 /tmp/ch.elf.Aq8eU8.ltrans0.ltrans.o
 .text.chPipeReadTimeout.constprop.0
                0x0000000008004cd0       0xd8 /tmp/ch.elf.Aq8eU8.ltrans0.ltrans.o
 *fill*         0x0000000008004da8        0x8 
 .text.oslib_test_003_002_execute
                0x0000000008004db0       0x9c /tmp/ch.elf.Aq8eU8.ltrans0.ltrans.o
 *fill*         0x0000000008004e4c        0x4 
 .text.chFactoryRegisterObject.constprop.0
                0x0000000008004e50       0x30 /tmp/ch.elf.Aq8eU8.ltrans0.ltrans.o
 .text.chFactoryFindObject.constprop.0
                0x0000000008004e80       0x28 /tmp/ch.elf.Aq8eU8.ltrans0.ltrans.o
 *fill*         0x0000000008004ea8        0x8 
 .text.chFactoryCreateBuffer.constprop.0
                0x0000000008004eb0       0x38 /tmp/ch.elf.Aq8eU8.ltrans0.ltrans.o
 *fill*         0x0000000008004ee8        0x8 
 .text.chFactoryFindBuffer.constprop.0
                0x0000000008004ef0       0x28 /tmp/ch.elf.Aq8eU8.ltrans0.ltrans.o
 *fill*         0x0000000008004f18        0x8 
 .text.chFactoryCreateSemaphore.constprop.0
                0x0000000008004f20       0x38 /tmp/ch.elf.Aq8eU8.ltrans0.ltrans.o
 *fill*         0x0000000008004f58        0x8 
 .text.chFactoryFindSemaphore.constprop.0
                0x0000000008004f60       0x28 /tmp/ch.elf.Aq8eU8.ltrans0.ltrans.o
 *fill*         0x0000000008004f88        0x8 
 .text.chFactoryCreateMailbox.constprop.0
                0x0000000008004f90       0x54 /tmp/ch.elf.Aq8eU8.ltrans0.ltrans.o
 *fill*         0x0000000008004fe4        0xc 
 .text.chFactoryFindMailbox.constprop.0
                0x0000000008004ff0       0x28 /tmp/ch.elf.Aq8eU8.ltrans0.ltrans.o
 *fill*         0x0000000008005018        0x8 
 .text.chFactoryCreateObjectsFIFO.constprop.0
                0x0000000008005020       0x70 /tmp/ch.elf.Aq8eU8.ltrans0.ltrans.o
 .text.chFactoryFindObjectsFIFO.constprop.0
                0x0000000008005090       0x28 /tmp/ch.elf.Aq8eU8.ltrans0.ltrans.o
 *fill*         0x00000000080050b8        0x8 
 .text.chFactoryCreatePipe.constprop.0
                0x00000000080050c0       0x64 /tmp/ch.elf.Aq8eU8.ltrans0.ltrans.o
 *fill*         0x0000000008005124        0xc 
 .text.chFactoryFindPipe.constprop.0
                0x0000000008005130       0x28 /tmp/ch.elf.Aq8eU8.ltrans0.ltrans.o
 *fill*         0x0000000008005158        0x8 
 .text.oslib_test_003_001_execute
                0x0000000008005160      0x4f0 /tmp/ch.elf.Aq8eU8.ltrans0.ltrans.o
 .text.rt_test_011_011_execute
                0x0000000008005650       0x8c /tmp/ch.elf.Aq8eU8.ltrans0.ltrans.o
 *fill*         0x00000000080056dc        0x4 
 .text.thread8  0x00000000080056e0       0x84 /tmp/ch.elf.Aq8eU8.ltrans0.ltrans.o
 *fill*         0x0000000008005764        0xc 
 .text.thread6  0x0000000008005770       0x6c /tmp/ch.elf.Aq8eU8.ltrans0.ltrans.o
 *fill*         0x00000000080057dc        0x4 
 .text.thread9  0x00000000080057e0       0x20 /tmp/ch.elf.Aq8eU8.ltrans0.ltrans.o
 .text.rt_test_007_004_execute
                0x0000000008005800      0x140 /tmp/ch.elf.Aq8eU8.ltrans0.ltrans.o
 .text.thread4A
                0x0000000008005940       0x20 /tmp/ch.elf.Aq8eU8.ltrans0.ltrans.o
 .text.thread1.lto_priv.2
                0x0000000008005960       0x20 /tmp/ch.elf.Aq8eU8.ltrans0.ltrans.o
 .text.chFactoryReleaseSemaphore
                0x0000000008005980       0x58 /tmp/ch.elf.Aq8eU8.ltrans0.ltrans.o
 *fill*         0x00000000080059d8        0x8 
 .text.oslib_test_009_003_execute
                0x00000000080059e0      0x12c /tmp/ch.elf.Aq8eU8.ltrans0.ltrans.o
 *fill*         0x0000000008005b0c        0x4 
 .text.oslib_test_009_003_teardown
                0x0000000008005b10       0x1c /tmp/ch.elf.Aq8eU8.ltrans0.ltrans.o
 *fill*         0x0000000008005b2c        0x4 
 .text.chFactoryReleaseObject
                0x0000000008005b30       0x58 /tmp/ch.elf.Aq8eU8.ltrans0.ltrans.o
 *fill*         0x0000000008005b88        0x8 
 .text.oslib_test_009_001_execute
                0x0000000008005b90      0x170 /tmp/ch.elf.Aq8eU8.ltrans0.ltrans.o
 .text.oslib_test_009_001_teardown
                0x0000000008005d00       0x1c /tmp/ch.elf.Aq8eU8.ltrans0.ltrans.o
 *fill*         0x0000000008005d1c        0x4 
 .text.chHeapStatus
                0x0000000008005d20       0x68 /tmp/ch.elf.Aq8eU8.ltrans0.ltrans.o
 *fill*         0x0000000008005d88        0x8 
 .text.cmd_mem  0x0000000008005d90       0x70 /tmp/ch.elf.Aq8eU8.ltrans0.ltrans.o
 .text.chHeapFree
                0x0000000008005e00       0x94 /tmp/ch.elf.Aq8eU8.ltrans0.ltrans.o
 *fill*         0x0000000008005e94        0xc 
 .text.oslib_test_008_002_execute
                0x0000000008005ea0       0x68 /tmp/ch.elf.Aq8eU8.ltrans0.ltrans.o
 *fill*         0x0000000008005f08        0x8 
 .text.oslib_test_008_001_execute
                0x0000000008005f10      0x328 /tmp/ch.elf.Aq8eU8.ltrans0.ltrans.o
 *fill*         0x0000000008006238        0x8 
 .text.dyn_release_object_heap.part.0
                0x0000000008006240       0x20 /tmp/ch.elf.Aq8eU8.ltrans0.ltrans.o
 .text.chFactoryReleasePipe
                0x0000000008006260       0x2c /tmp/ch.elf.Aq8eU8.ltrans0.ltrans.o
 *fill*         0x000000000800628c        0x4 
 .text.oslib_test_009_006_execute
                0x0000000008006290      0x12c /tmp/ch.elf.Aq8eU8.ltrans0.ltrans.o
 *fill*         0x00000000080063bc        0x4 
 .text.oslib_test_009_006_teardown
                0x00000000080063c0       0x1c /tmp/ch.elf.Aq8eU8.ltrans0.ltrans.o
 *fill*         0x00000000080063dc        0x4 
 .text.chFactoryReleaseObjectsFIFO
                0x00000000080063e0       0x2c /tmp/ch.elf.Aq8eU8.ltrans0.ltrans.o
 *fill*         0x000000000800640c        0x4 
 .text.oslib_test_009_005_execute
                0x0000000008006410      0x12c /tmp/ch.elf.Aq8eU8.ltrans0.ltrans.o
 *fill*         0x000000000800653c        0x4 
 .text.oslib_test_009_005_teardown
                0x0000000008006540       0x1c /tmp/ch.elf.Aq8eU8.ltrans0.ltrans.o
 *fill*         0x000000000800655c        0x4 
 .text.chFactoryReleaseMailbox
                0x0000000008006560       0x2c /tmp/ch.elf.Aq8eU8.ltrans0.ltrans.o
 *fill*         0x000000000800658c        0x4 
 .text.oslib_test_009_004_execute
                0x0000000008006590      0x12c /tmp/ch.elf.Aq8eU8.ltrans0.ltrans.o
 *fill*         0x00000000080066bc        0x4 
 .text.oslib_test_009_004_teardown
                0x00000000080066c0       0x1c /tmp/ch.elf.Aq8eU8.ltrans0.ltrans.o
 *fill*         0x00000000080066dc        0x4 
 .text.chFactoryReleaseBuffer
                0x00000000080066e0       0x2c /tmp/ch.elf.Aq8eU8.ltrans0.ltrans.o
 *fill*         0x000000000800670c        0x4 
 .text.oslib_test_009_002_execute
                0x0000000008006710      0x12c /tmp/ch.elf.Aq8eU8.ltrans0.ltrans.o
 *fill*         0x000000000800683c        0x4 
 .text.oslib_test_009_002_teardown
                0x0000000008006840       0x1c /tmp/ch.elf.Aq8eU8.ltrans0.ltrans.o
 *fill*         0x000000000800685c        0x4 
 .text.chThdRelease
                0x0000000008006860       0x64 /tmp/ch.elf.Aq8eU8.ltrans0.ltrans.o
 *fill*         0x00000000080068c4        0xc 
 .text.rt_test_011_006_execute
                0x00000000080068d0       0x7c /tmp/ch.elf.Aq8eU8.ltrans0.ltrans.o
 *fill*         0x000000000800694c        0x4 
 .text.cmd_threads
                0x0000000008006950       0xc8 /tmp/ch.elf.Aq8eU8.ltrans0.ltrans.o
 *fill*         0x0000000008006a18        0x8 
 .text.chSemWaitS.part.0
                0x0000000008006a20       0x24 /tmp/ch.elf.Aq8eU8.ltrans0.ltrans.o
 *fill*         0x0000000008006a44        0xc 
 .text.chCacheGetObject.constprop.0
                0x0000000008006a50      0x100 /tmp/ch.elf.Aq8eU8.ltrans0.ltrans.o
 .text.oslib_test_006_001_execute
                0x0000000008006b50      0x378 /tmp/ch.elf.Aq8eU8.ltrans0.ltrans.o
 *fill*         0x0000000008006ec8        0x8 
 .text.chSemWait
                0x0000000008006ed0       0x28 /tmp/ch.elf.Aq8eU8.ltrans0.ltrans.o
 *fill*         0x0000000008006ef8        0x8 
 .text.rt_test_011_010_execute
                0x0000000008006f00       0x8c /tmp/ch.elf.Aq8eU8.ltrans0.ltrans.o
 *fill*         0x0000000008006f8c        0x4 
 .text.bmk_thread7
                0x0000000008006f90       0x2c /tmp/ch.elf.Aq8eU8.ltrans0.ltrans.o
 *fill*         0x0000000008006fbc        0x4 
 .text.rt_test_006_006_execute
                0x0000000008006fc0      0x1b4 /tmp/ch.elf.Aq8eU8.ltrans0.ltrans.o
 *fill*         0x0000000008007174        0xc 
 .text.thread3  0x0000000008007180       0x18 /tmp/ch.elf.Aq8eU8.ltrans0.ltrans.o
 *fill*         0x0000000008007198        0x8 
 .text.thread1.lto_priv.1
                0x00000000080071a0       0x18 /tmp/ch.elf.Aq8eU8.ltrans0.ltrans.o
 *fill*         0x00000000080071b8        0x8 
 .text.rt_test_006_001_execute
                0x00000000080071c0       0xc0 /tmp/ch.elf.Aq8eU8.ltrans0.ltrans.o
 .text.chThdWait
                0x0000000008007280       0x38 /tmp/ch.elf.Aq8eU8.ltrans0.ltrans.o
 *fill*         0x00000000080072b8        0x8 
 .text.startup.main
                0x00000000080072c0      0x428 /tmp/ch.elf.Aq8eU8.ltrans0.ltrans.o
                0x00000000080072c0                main
 *fill*         0x00000000080076e8        0x8 
 .text.oslib_test_005_001_execute
                0x00000000080076f0      0x188 /tmp/ch.elf.Aq8eU8.ltrans0.ltrans.o
 *fill*         0x0000000008007878        0x8 
 .text.oslib_test_004_001_execute
                0x0000000008007880      0x15c /tmp/ch.elf.Aq8eU8.ltrans0.ltrans.o
 *fill*         0x00000000080079dc        0x4 
 .text.rt_test_011_005_execute
                0x00000000080079e0       0x7c /tmp/ch.elf.Aq8eU8.ltrans0.ltrans.o
 *fill*         0x0000000008007a5c        0x4 
 .text.test_wait_threads
                0x0000000008007a60       0x24 /tmp/ch.elf.Aq8eU8.ltrans0.ltrans.o
 *fill*         0x0000000008007a84        0xc 
 .text.rt_test_011_008_execute
                0x0000000008007a90       0xd4 /tmp/ch.elf.Aq8eU8.ltrans0.ltrans.o
 *fill*         0x0000000008007b64        0xc 
 .text.rt_test_011_007_execute
                0x0000000008007b70      0x110 /tmp/ch.elf.Aq8eU8.ltrans0.ltrans.o
 .text.rt_test_011_004_execute
                0x0000000008007c80       0xcc /tmp/ch.elf.Aq8eU8.ltrans0.ltrans.o
 *fill*         0x0000000008007d4c        0x4 
 .text.rt_test_011_003_execute
                0x0000000008007d50       0xe0 /tmp/ch.elf.Aq8eU8.ltrans0.ltrans.o
 .text.rt_test_011_002_execute
                0x0000000008007e30       0x74 /tmp/ch.elf.Aq8eU8.ltrans0.ltrans.o
 *fill*         0x0000000008007ea4        0xc 
 .text.rt_test_011_001_execute
                0x0000000008007eb0       0x74 /tmp/ch.elf.Aq8eU8.ltrans0.ltrans.o
 *fill*         0x0000000008007f24        0xc 
 .text.rt_test_010_002_execute
                0x0000000008007f30      0x168 /tmp/ch.elf.Aq8eU8.ltrans0.ltrans.o
 *fill*         0x0000000008008098        0x8 
 .text.rt_test_010_001_execute
                0x00000000080080a0      0x16c /tmp/ch.elf.Aq8eU8.ltrans0.ltrans.o
 *fill*         0x000000000800820c        0x4 
 .text.rt_test_009_007_execute
                0x0000000008008210      0x114 /tmp/ch.elf.Aq8eU8.ltrans0.ltrans.o
 *fill*         0x0000000008008324        0xc 
 .text.rt_test_009_005_execute
                0x0000000008008330       0xc8 /tmp/ch.elf.Aq8eU8.ltrans0.ltrans.o
 *fill*         0x00000000080083f8        0x8 
 .text.rt_test_009_004_execute
                0x0000000008008400       0xc4 /tmp/ch.elf.Aq8eU8.ltrans0.ltrans.o
 *fill*         0x00000000080084c4        0xc 
 .text.rt_test_009_003_execute
                0x00000000080084d0       0xf4 /tmp/ch.elf.Aq8eU8.ltrans0.ltrans.o
 *fill*         0x00000000080085c4        0xc 
 .text.rt_test_008_001_execute
                0x00000000080085d0       0x78 /tmp/ch.elf.Aq8eU8.ltrans0.ltrans.o
 *fill*         0x0000000008008648        0x8 
 .text.rt_test_007_009_execute
                0x0000000008008650       0xac /tmp/ch.elf.Aq8eU8.ltrans0.ltrans.o
 *fill*         0x00000000080086fc        0x4 
 .text.rt_test_007_008_execute
                0x0000000008008700       0xe8 /tmp/ch.elf.Aq8eU8.ltrans0.ltrans.o
 *fill*         0x00000000080087e8        0x8 
 .text.rt_test_007_007_execute
                0x00000000080087f0       0xe4 /tmp/ch.elf.Aq8eU8.ltrans0.ltrans.o
 *fill*         0x00000000080088d4        0xc 
 .text.rt_test_006_006_teardown
                0x00000000080088e0        0x4 /tmp/ch.elf.Aq8eU8.ltrans0.ltrans.o
 *fill*         0x00000000080088e4        0xc 
 .text.rt_test_007_004_teardown
                0x00000000080088f0        0x4 /tmp/ch.elf.Aq8eU8.ltrans0.ltrans.o
 *fill*         0x00000000080088f4        0xc 
 .text.rt_test_007_001_execute
                0x0000000008008900       0xf0 /tmp/ch.elf.Aq8eU8.ltrans0.ltrans.o
 .text.rt_test_006_005_teardown
                0x00000000080089f0        0x4 /tmp/ch.elf.Aq8eU8.ltrans0.ltrans.o
 *fill*         0x00000000080089f4        0xc 
 .text.rt_test_006_004_execute
                0x0000000008008a00       0xb4 /tmp/ch.elf.Aq8eU8.ltrans0.ltrans.o
 *fill*         0x0000000008008ab4        0xc 
 .text.rt_test_006_003_execute
                0x0000000008008ac0      0x160 /tmp/ch.elf.Aq8eU8.ltrans0.ltrans.o
 .text.rt_test_006_002_execute
                0x0000000008008c20       0xe8 /tmp/ch.elf.Aq8eU8.ltrans0.ltrans.o
 *fill*         0x0000000008008d08        0x8 
 .text.rt_test_005_001_execute
                0x0000000008008d10       0xec /tmp/ch.elf.Aq8eU8.ltrans0.ltrans.o
 *fill*         0x0000000008008dfc        0x4 
 .text.rt_test_004_002_execute
                0x0000000008008e00      0x1ac /tmp/ch.elf.Aq8eU8.ltrans0.ltrans.o
 *fill*         0x0000000008008fac        0x4 
 .text.cmd_test
                0x0000000008008fb0       0x8c /tmp/ch.elf.Aq8eU8.ltrans0.ltrans.o
 *fill*         0x000000000800903c        0x4 
 .text.chThdExitS
                0x0000000008009040       0x48 /tmp/ch.elf.Aq8eU8.ltrans0.ltrans.o
 *fill*         0x0000000008009088        0x8 
 .text.shellThread
                0x0000000008009090      0x24c /tmp/ch.elf.Aq8eU8.ltrans0.ltrans.o
 *fill*         0x00000000080092dc        0x4 
 .text.cmd_exit
                0x00000000080092e0       0x34 /tmp/ch.elf.Aq8eU8.ltrans0.ltrans.o
 *fill*         0x0000000008009314        0xc 
 .text.chThdExit
                0x0000000008009320        0xc /tmp/ch.elf.Aq8eU8.ltrans0.ltrans.o
                0x0000000008009320                chThdExit
 *fill*         0x000000000800932c        0x4 
 .text.Thread1.lto_priv.1
                0x0000000008009330       0x48 /tmp/ch.elf.Aq8eU8.ltrans0.ltrans.o
 *fill*         0x0000000008009378        0x8 
 .text.bmk_thread3
                0x0000000008009380        0x4 /tmp/ch.elf.Aq8eU8.ltrans0.ltrans.o
 *fill*         0x0000000008009384        0xc 
 .text.__early_init
                0x0000000008009390      0x358 /tmp/ch.elf.Aq8eU8.ltrans0.ltrans.o
                0x0000000008009390                __early_init
 *fill*         0x00000000080096e8        0x8 
 .text.VectorDC
                0x00000000080096f0      0x1fc /tmp/ch.elf.Aq8eU8.ltrans0.ltrans.o
                0x00000000080096f0                VectorDC
 *fill*         0x00000000080098ec        0x4 
 .text.notify3.lto_priv.0
                0x00000000080098f0       0x10 /tmp/ch.elf.Aq8eU8.ltrans1.ltrans.o
                0x00000000080098f0                notify3.lto_priv.0
 .text._ctl.lto_priv.0
                0x0000000008009900        0x4 /tmp/ch.elf.Aq8eU8.ltrans1.ltrans.o
                0x0000000008009900                _ctl.lto_priv.0
 *fill*         0x0000000008009904        0xc 
 .text.oqPutTimeout
                0x0000000008009910       0x50 /tmp/ch.elf.Aq8eU8.ltrans1.ltrans.o
 .text._putt.lto_priv.0
                0x0000000008009960        0x8 /tmp/ch.elf.Aq8eU8.ltrans1.ltrans.o
                0x0000000008009960                _putt.lto_priv.0
 *fill*         0x0000000008009968        0x8 
 .text._put.lto_priv.0
                0x0000000008009970        0xc /tmp/ch.elf.Aq8eU8.ltrans1.ltrans.o
                0x0000000008009970                _put.lto_priv.0
 *fill*         0x000000000800997c        0x4 
 .text.iqGetTimeout
                0x0000000008009980       0x54 /tmp/ch.elf.Aq8eU8.ltrans1.ltrans.o
 *fill*         0x00000000080099d4        0xc 
 .text._gett.lto_priv.0
                0x00000000080099e0        0x8 /tmp/ch.elf.Aq8eU8.ltrans1.ltrans.o
                0x00000000080099e0                _gett.lto_priv.0
 *fill*         0x00000000080099e8        0x8 
 .text._get.lto_priv.0
                0x00000000080099f0        0xc /tmp/ch.elf.Aq8eU8.ltrans1.ltrans.o
                0x00000000080099f0                _get.lto_priv.0
 *fill*         0x00000000080099fc        0x4 
 .text.oqWriteTimeout
                0x0000000008009a00       0xd4 /tmp/ch.elf.Aq8eU8.ltrans1.ltrans.o
 *fill*         0x0000000008009ad4        0xc 
 .text._writet.lto_priv.0
                0x0000000008009ae0        0x8 /tmp/ch.elf.Aq8eU8.ltrans1.ltrans.o
                0x0000000008009ae0                _writet.lto_priv.0
 *fill*         0x0000000008009ae8        0x8 
 .text._write.lto_priv.0
                0x0000000008009af0        0xc /tmp/ch.elf.Aq8eU8.ltrans1.ltrans.o
                0x0000000008009af0                _write.lto_priv.0
 *fill*         0x0000000008009afc        0x4 
 .text.iqReadTimeout
                0x0000000008009b00       0xd4 /tmp/ch.elf.Aq8eU8.ltrans1.ltrans.o
 *fill*         0x0000000008009bd4        0xc 
 .text._readt.lto_priv.0
                0x0000000008009be0        0x8 /tmp/ch.elf.Aq8eU8.ltrans1.ltrans.o
                0x0000000008009be0                _readt.lto_priv.0
 *fill*         0x0000000008009be8        0x8 
 .text._read.lto_priv.0
                0x0000000008009bf0        0xc /tmp/ch.elf.Aq8eU8.ltrans1.ltrans.o
                0x0000000008009bf0                _read.lto_priv.0
 *fill*         0x0000000008009bfc        0x4 
 .text.VectorB0
                0x0000000008009c00      0x104 /tmp/ch.elf.Aq8eU8.ltrans1.ltrans.o
                0x0000000008009c00                VectorB0
 *fill*         0x0000000008009d04        0xc 
 .text.__init_ram_areas
                0x0000000008009d10       0x68 /tmp/ch.elf.Aq8eU8.ltrans1.ltrans.o
                0x0000000008009d10                __init_ram_areas
 *fill*         0x0000000008009d78        0x8 
 .text.__default_exit
                0x0000000008009d80        0x4 /tmp/ch.elf.Aq8eU8.ltrans1.ltrans.o
                0x0000000008009d80                __default_exit
 *fill*         0x0000000008009d84        0xc 
 .text.__late_init
                0x0000000008009d90        0x4 /tmp/ch.elf.Aq8eU8.ltrans1.ltrans.o
                0x0000000008009d90                __late_init
 *fill*         0x0000000008009d94        0xc 
 .text.__core_init
                0x0000000008009da0        0x4 /tmp/ch.elf.Aq8eU8.ltrans1.ltrans.o
                0x0000000008009da0                __core_init
 .text.memcmp   0x0000000008009da4       0x60 /home/robi/ChibiStudio/tools/GNU Tools ARM Embedded/9.2.1 2019q4/bin/../lib/gcc/arm-none-eabi/9.2.1/../../../../arm-none-eabi/lib/thumb/v7e-m/nofp/libg.a(lib_a-memcmp.o)
                0x0000000008009da4                memcmp
 .text.memset   0x0000000008009e04       0xa0 /home/robi/ChibiStudio/tools/GNU Tools ARM Embedded/9.2.1 2019q4/bin/../lib/gcc/arm-none-eabi/9.2.1/../../../../arm-none-eabi/lib/thumb/v7e-m/nofp/libg.a(lib_a-memset.o)
                0x0000000008009e04                memset
 .text.strchr   0x0000000008009ea4       0xd0 /home/robi/ChibiStudio/tools/GNU Tools ARM Embedded/9.2.1 2019q4/bin/../lib/gcc/arm-none-eabi/9.2.1/../../../../arm-none-eabi/lib/thumb/v7e-m/nofp/libg.a(lib_a-strchr.o)
                0x0000000008009ea4                strchr
 .text.strncmp  0x0000000008009f74       0x7c /home/robi/ChibiStudio/tools/GNU Tools ARM Embedded/9.2.1 2019q4/bin/../lib/gcc/arm-none-eabi/9.2.1/../../../../arm-none-eabi/lib/thumb/v7e-m/nofp/libg.a(lib_a-strncmp.o)
                0x0000000008009f74                strncmp
 .text.strncpy  0x0000000008009ff0       0x68 /home/robi/ChibiStudio/tools/GNU Tools ARM Embedded/9.2.1 2019q4/bin/../lib/gcc/arm-none-eabi/9.2.1/../../../../arm-none-eabi/lib/thumb/v7e-m/nofp/libg.a(lib_a-strncpy.o)
                0x0000000008009ff0                strncpy
 .text.strpbrk  0x000000000800a058       0x38 /home/robi/ChibiStudio/tools/GNU Tools ARM Embedded/9.2.1 2019q4/bin/../lib/gcc/arm-none-eabi/9.2.1/../../../../arm-none-eabi/lib/thumb/v7e-m/nofp/libg.a(lib_a-strpbrk.o)
                0x000000000800a058                strpbrk
 .text.strspn   0x000000000800a090       0x30 /home/robi/ChibiStudio/tools/GNU Tools ARM Embedded/9.2.1 2019q4/bin/../lib/gcc/arm-none-eabi/9.2.1/../../../../arm-none-eabi/lib/thumb/v7e-m/nofp/libg.a(lib_a-strspn.o)
                0x000000000800a090                strspn
 *(.glue_7t)
 .glue_7t       0x000000000800a0c0        0x0 linker stubs
 *(.glue_7)
 .glue_7        0x000000000800a0c0        0x0 linker stubs
 *(.gcc*)
                0x000000000800a0c0                __text_end__ = .

.vfp11_veneer   0x000000000800a0c0        0x0
 .vfp11_veneer  0x000000000800a0c0        0x0 linker stubs

.v4_bx          0x000000000800a0c0        0x0
 .v4_bx         0x000000000800a0c0        0x0 linker stubs

.iplt           0x000000000800a0c0        0x0
 .iplt          0x000000000800a0c0        0x0 ./build/obj/crt0_v7m.o

.rodata         0x000000000800a0c0     0x2a40
                0x000000000800a0c0                __rodata_base__ = .
 *(.rodata)
 *(.rodata.*)
 .rodata._test_assert_time_window.constprop.0.str1.4
                0x000000000800a0c0       0x13 /tmp/ch.elf.Aq8eU8.ltrans0.ltrans.o
 .rodata.test_println.str1.4
                0x000000000800a0d3       0x13 /tmp/ch.elf.Aq8eU8.ltrans0.ltrans.o
                                          0x3 (size before relaxing)
 *fill*         0x000000000800a0d3        0x1 
 .rodata.rt_test_009_002_execute.str1.4
                0x000000000800a0d4       0x18 /tmp/ch.elf.Aq8eU8.ltrans0.ltrans.o
 .rodata.oslib_test_007_001_execute.str1.4
                0x000000000800a0ec       0x35 /tmp/ch.elf.Aq8eU8.ltrans0.ltrans.o
 *fill*         0x000000000800a121        0x3 
 .rodata.rt_test_009_001_execute.str1.4
                0x000000000800a124       0x1b /tmp/ch.elf.Aq8eU8.ltrans0.ltrans.o
 *fill*         0x000000000800a13f        0x1 
 .rodata.rt_test_002_001_execute.str1.4
                0x000000000800a140       0x70 /tmp/ch.elf.Aq8eU8.ltrans0.ltrans.o
 .rodata.oslib_test_001_003_execute.str1.4
                0x000000000800a1b0      0x2bd /tmp/ch.elf.Aq8eU8.ltrans0.ltrans.o
                                        0x2c1 (size before relaxing)
 *fill*         0x000000000800a46d        0x3 
 .rodata.oslib_test_001_002_execute.str1.4
                0x000000000800a470      0x115 /tmp/ch.elf.Aq8eU8.ltrans0.ltrans.o
 *fill*         0x000000000800a585        0x3 
 .rodata.rt_test_011_012_execute.str1.4
                0x000000000800a588       0x95 /tmp/ch.elf.Aq8eU8.ltrans0.ltrans.o
 *fill*         0x000000000800a61d        0x3 
 .rodata.rt_test_001_003_execute.str1.4
                0x000000000800a620      0x57d /tmp/ch.elf.Aq8eU8.ltrans0.ltrans.o
 *fill*         0x000000000800ab9d        0x3 
 .rodata.rt_test_001_002_execute.str1.4
                0x000000000800aba0       0x3a /tmp/ch.elf.Aq8eU8.ltrans0.ltrans.o
 *fill*         0x000000000800abda        0x2 
 .rodata.rt_test_001_001_execute.str1.4
                0x000000000800abdc      0x1a1 /tmp/ch.elf.Aq8eU8.ltrans0.ltrans.o
 *fill*         0x000000000800ad7d        0x3 
 .rodata.parse_arguments.str1.4
                0x000000000800ad80        0x3 /tmp/ch.elf.Aq8eU8.ltrans0.ltrans.o
 *fill*         0x000000000800ad83        0x1 
 .rodata.chprintf.str1.4
                0x000000000800ad84        0x7 /tmp/ch.elf.Aq8eU8.ltrans0.ltrans.o
 *fill*         0x000000000800ad8b        0x1 
 .rodata.cmd_systime.str1.4
                0x000000000800ad8c       0x1a /tmp/ch.elf.Aq8eU8.ltrans0.ltrans.o
 *fill*         0x000000000800ada6        0x2 
 .rodata.cmd_echo.str1.4
                0x000000000800ada8       0x15 /tmp/ch.elf.Aq8eU8.ltrans0.ltrans.o
 *fill*         0x000000000800adbd        0x3 
 .rodata.cmd_info.str1.4
                0x000000000800adc0      0x119 /tmp/ch.elf.Aq8eU8.ltrans0.ltrans.o
 *fill*         0x000000000800aed9        0x3 
 .rodata.rt_test_007_005_execute.str1.4
                0x000000000800aedc       0x4d /tmp/ch.elf.Aq8eU8.ltrans0.ltrans.o
 *fill*         0x000000000800af29        0x3 
 .rodata.rt_test_004_004_execute.str1.4
                0x000000000800af2c       0x87 /tmp/ch.elf.Aq8eU8.ltrans0.ltrans.o
 *fill*         0x000000000800afb3        0x1 
 .rodata.chThdCreateStatic.constprop.0.str1.4
                0x000000000800afb4        0x7 /tmp/ch.elf.Aq8eU8.ltrans0.ltrans.o
 *fill*         0x000000000800afbb        0x1 
 .rodata.rt_test_006_005_execute.str1.4
                0x000000000800afbc       0x11 /tmp/ch.elf.Aq8eU8.ltrans0.ltrans.o
 *fill*         0x000000000800afcd        0x3 
 .rodata.rt_test_009_006_execute.str1.4
                0x000000000800afd0        0xf /tmp/ch.elf.Aq8eU8.ltrans0.ltrans.o
 *fill*         0x000000000800afdf        0x1 
 .rodata.oslib_test_002_003_execute.str1.4
                0x000000000800afe0       0x16 /tmp/ch.elf.Aq8eU8.ltrans0.ltrans.o
 *fill*         0x000000000800aff6        0x2 
 .rodata.oslib_test_002_002_execute.str1.4
                0x000000000800aff8       0xb5 /tmp/ch.elf.Aq8eU8.ltrans0.ltrans.o
 *fill*         0x000000000800b0ad        0x3 
 .rodata.oslib_test_002_001_execute.str1.4
                0x000000000800b0b0       0x13 /tmp/ch.elf.Aq8eU8.ltrans0.ltrans.o
 *fill*         0x000000000800b0c3        0x1 
 .rodata.Thread1.lto_priv.2.str1.4
                0x000000000800b0c4        0x9 /tmp/ch.elf.Aq8eU8.ltrans0.ltrans.o
 *fill*         0x000000000800b0cd        0x3 
 .rodata.Thread2.str1.4
                0x000000000800b0d0        0x9 /tmp/ch.elf.Aq8eU8.ltrans0.ltrans.o
 *fill*         0x000000000800b0d9        0x3 
 .rodata.rt_test_002_002_execute.str1.4
                0x000000000800b0dc       0x12 /tmp/ch.elf.Aq8eU8.ltrans0.ltrans.o
 *fill*         0x000000000800b0ee        0x2 
 .rodata.rt_test_011_009_execute.str1.4
                0x000000000800b0f0       0x1a /tmp/ch.elf.Aq8eU8.ltrans0.ltrans.o
 *fill*         0x000000000800b10a        0x2 
 .rodata.test_execute.str1.4
                0x000000000800b10c      0x13c /tmp/ch.elf.Aq8eU8.ltrans0.ltrans.o
                                        0x144 (size before relaxing)
 .rodata.oslib_test_003_002_execute.str1.4
                0x000000000800b248       0x13 /tmp/ch.elf.Aq8eU8.ltrans0.ltrans.o
 *fill*         0x000000000800b25b        0x1 
 .rodata.chFactoryRegisterObject.constprop.0.str1.4
                0x000000000800b25c        0x6 /tmp/ch.elf.Aq8eU8.ltrans0.ltrans.o
 *fill*         0x000000000800b262        0x2 
 .rodata.chFactoryCreateBuffer.constprop.0.str1.4
                0x000000000800b264        0x6 /tmp/ch.elf.Aq8eU8.ltrans0.ltrans.o
 *fill*         0x000000000800b26a        0x2 
 .rodata.chFactoryCreateSemaphore.constprop.0.str1.4
                0x000000000800b26c        0x6 /tmp/ch.elf.Aq8eU8.ltrans0.ltrans.o
 *fill*         0x000000000800b272        0x2 
 .rodata.chFactoryCreateMailbox.constprop.0.str1.4
                0x000000000800b274        0x6 /tmp/ch.elf.Aq8eU8.ltrans0.ltrans.o
 *fill*         0x000000000800b27a        0x2 
 .rodata.chFactoryCreateObjectsFIFO.constprop.0.str1.4
                0x000000000800b27c        0x7 /tmp/ch.elf.Aq8eU8.ltrans0.ltrans.o
 *fill*         0x000000000800b283        0x1 
 .rodata.chFactoryCreatePipe.constprop.0.str1.4
                0x000000000800b284        0x7 /tmp/ch.elf.Aq8eU8.ltrans0.ltrans.o
 *fill*         0x000000000800b28b        0x1 
 .rodata.oslib_test_003_001_execute.str1.4
                0x000000000800b28c       0x1d /tmp/ch.elf.Aq8eU8.ltrans0.ltrans.o
 *fill*         0x000000000800b2a9        0x3 
 .rodata.rt_test_011_011_execute.str1.4
                0x000000000800b2ac        0xf /tmp/ch.elf.Aq8eU8.ltrans0.ltrans.o
 *fill*         0x000000000800b2bb        0x1 
 .rodata.rt_test_007_004_execute.str1.4
                0x000000000800b2bc        0x6 /tmp/ch.elf.Aq8eU8.ltrans0.ltrans.o
 *fill*         0x000000000800b2c2        0x2 
 .rodata.oslib_test_009_003_execute.str1.4
                0x000000000800b2c4       0x58 /tmp/ch.elf.Aq8eU8.ltrans0.ltrans.o
                                         0x60 (size before relaxing)
 .rodata.oslib_test_009_001_execute.str1.4
                0x000000000800b31c       0x30 /tmp/ch.elf.Aq8eU8.ltrans0.ltrans.o
 .rodata.cmd_mem.str1.4
                0x000000000800b34c       0x7a /tmp/ch.elf.Aq8eU8.ltrans0.ltrans.o
 *fill*         0x000000000800b3c6        0x2 
 .rodata.oslib_test_008_002_execute.str1.4
                0x000000000800b3c8       0x2a /tmp/ch.elf.Aq8eU8.ltrans0.ltrans.o
 *fill*         0x000000000800b3f2        0x2 
 .rodata.oslib_test_008_001_execute.str1.4
                0x000000000800b3f4       0x59 /tmp/ch.elf.Aq8eU8.ltrans0.ltrans.o
 *fill*         0x000000000800b44d        0x3 
 .rodata.rt_test_011_006_execute.str1.4
                0x000000000800b450        0xb /tmp/ch.elf.Aq8eU8.ltrans0.ltrans.o
 *fill*         0x000000000800b45b        0x1 
 .rodata.cmd_threads.str1.4
                0x000000000800b45c       0x67 /tmp/ch.elf.Aq8eU8.ltrans0.ltrans.o
                                         0x6f (size before relaxing)
 *fill*         0x000000000800b4c3        0x1 
 .rodata.oslib_test_006_001_execute.str1.4
                0x000000000800b4c4       0x5d /tmp/ch.elf.Aq8eU8.ltrans0.ltrans.o
                                         0x65 (size before relaxing)
 *fill*         0x000000000800b521        0x3 
 .rodata.rt_test_011_010_execute.str1.4
                0x000000000800b524        0xf /tmp/ch.elf.Aq8eU8.ltrans0.ltrans.o
 *fill*         0x000000000800b533        0x1 
 .rodata.rt_test_006_006_execute.str1.4
                0x000000000800b534       0x3f /tmp/ch.elf.Aq8eU8.ltrans0.ltrans.o
                                         0x46 (size before relaxing)
 *fill*         0x000000000800b573        0x1 
 .rodata.rt_test_006_001_execute.str1.4
                0x000000000800b574       0x2b /tmp/ch.elf.Aq8eU8.ltrans0.ltrans.o
 *fill*         0x000000000800b59f        0x1 
 .rodata.main.str1.4
                0x000000000800b5a0        0x6 /tmp/ch.elf.Aq8eU8.ltrans0.ltrans.o
 *fill*         0x000000000800b5a6        0x2 
 .rodata.oslib_test_005_001_execute.str1.4
                0x000000000800b5a8       0x46 /tmp/ch.elf.Aq8eU8.ltrans0.ltrans.o
 *fill*         0x000000000800b5ee        0x2 
 .rodata.oslib_test_004_001_execute.str1.4
                0x000000000800b5f0       0x18 /tmp/ch.elf.Aq8eU8.ltrans0.ltrans.o
 .rodata.rt_test_011_008_execute.str1.4
                0x000000000800b608        0xa /tmp/ch.elf.Aq8eU8.ltrans0.ltrans.o
 *fill*         0x000000000800b612        0x2 
 .rodata.rt_test_011_007_execute.str1.4
                0x000000000800b614       0x11 /tmp/ch.elf.Aq8eU8.ltrans0.ltrans.o
 *fill*         0x000000000800b625        0x3 
 .rodata.rt_test_011_003_execute.str1.4
                0x000000000800b628        0xa /tmp/ch.elf.Aq8eU8.ltrans0.ltrans.o
 *fill*         0x000000000800b632        0x2 
 .rodata.rt_test_010_002_execute.str1.4
                0x000000000800b634       0x84 /tmp/ch.elf.Aq8eU8.ltrans0.ltrans.o
                                         0x8c (size before relaxing)
 .rodata.rt_test_010_001_execute.str1.4
                0x000000000800b6b8       0x56 /tmp/ch.elf.Aq8eU8.ltrans0.ltrans.o
 *fill*         0x000000000800b70e        0x2 
 .rodata.rt_test_009_007_execute.str1.4
                0x000000000800b710        0xc /tmp/ch.elf.Aq8eU8.ltrans0.ltrans.o
 .rodata.rt_test_009_005_execute.str1.4
                0x000000000800b71c       0x2a /tmp/ch.elf.Aq8eU8.ltrans0.ltrans.o
 *fill*         0x000000000800b746        0x2 
 .rodata.rt_test_009_004_execute.str1.4
                0x000000000800b748       0x11 /tmp/ch.elf.Aq8eU8.ltrans0.ltrans.o
 *fill*         0x000000000800b759        0x3 
 .rodata.rt_test_009_003_execute.str1.4
                0x000000000800b75c       0x13 /tmp/ch.elf.Aq8eU8.ltrans0.ltrans.o
 *fill*         0x000000000800b76f        0x1 
 .rodata.rt_test_007_008_execute.str1.4
                0x000000000800b770        0x6 /tmp/ch.elf.Aq8eU8.ltrans0.ltrans.o
 *fill*         0x000000000800b776        0x2 
 .rodata.rt_test_006_004_execute.str1.4
                0x000000000800b778       0x10 /tmp/ch.elf.Aq8eU8.ltrans0.ltrans.o
 .rodata.rt_test_005_001_execute.str1.4
                0x000000000800b788        0x9 /tmp/ch.elf.Aq8eU8.ltrans0.ltrans.o
 *fill*         0x000000000800b791        0x3 
 .rodata.cmd_test.str1.4
                0x000000000800b794       0x20 /tmp/ch.elf.Aq8eU8.ltrans0.ltrans.o
                                         0x30 (size before relaxing)
 .rodata.shellThread.str1.4
                0x000000000800b7b4       0x6d /tmp/ch.elf.Aq8eU8.ltrans0.ltrans.o
 *fill*         0x000000000800b821        0x3 
 .rodata.str1.4
                0x000000000800b824      0xa69 /tmp/ch.elf.Aq8eU8.ltrans0.ltrans.o
 *fill*         0x000000000800c28d        0x3 
 .rodata.__func__.8311
                0x000000000800c290        0x9 /tmp/ch.elf.Aq8eU8.ltrans0.ltrans.o
 *fill*         0x000000000800c299        0x3 
 .rodata.ch_debug
                0x000000000800c29c       0x16 /tmp/ch.elf.Aq8eU8.ltrans0.ltrans.o
 *fill*         0x000000000800c2b2        0x2 
 .rodata.commands
                0x000000000800c2b4        0x8 /tmp/ch.elf.Aq8eU8.ltrans0.ltrans.o
 .rodata.evhndl
                0x000000000800c2bc        0xc /tmp/ch.elf.Aq8eU8.ltrans0.ltrans.o
 .rodata.idle_descriptor.7472
                0x000000000800c2c8       0x18 /tmp/ch.elf.Aq8eU8.ltrans0.ltrans.o
 .rodata.oslib_test_001_001
                0x000000000800c2e0       0x10 /tmp/ch.elf.Aq8eU8.ltrans0.ltrans.o
 .rodata.oslib_test_001_002
                0x000000000800c2f0       0x10 /tmp/ch.elf.Aq8eU8.ltrans0.ltrans.o
 .rodata.oslib_test_001_003
                0x000000000800c300       0x10 /tmp/ch.elf.Aq8eU8.ltrans0.ltrans.o
 .rodata.oslib_test_002_001
                0x000000000800c310       0x10 /tmp/ch.elf.Aq8eU8.ltrans0.ltrans.o
 .rodata.oslib_test_002_002
                0x000000000800c320       0x10 /tmp/ch.elf.Aq8eU8.ltrans0.ltrans.o
 .rodata.oslib_test_002_003
                0x000000000800c330       0x10 /tmp/ch.elf.Aq8eU8.ltrans0.ltrans.o
 .rodata.oslib_test_003_001
                0x000000000800c340       0x10 /tmp/ch.elf.Aq8eU8.ltrans0.ltrans.o
 .rodata.oslib_test_003_002
                0x000000000800c350       0x10 /tmp/ch.elf.Aq8eU8.ltrans0.ltrans.o
 .rodata.oslib_test_004_001
                0x000000000800c360       0x10 /tmp/ch.elf.Aq8eU8.ltrans0.ltrans.o
 .rodata.oslib_test_005_001
                0x000000000800c370       0x10 /tmp/ch.elf.Aq8eU8.ltrans0.ltrans.o
 .rodata.oslib_test_006_001
                0x000000000800c380       0x10 /tmp/ch.elf.Aq8eU8.ltrans0.ltrans.o
 .rodata.oslib_test_007_001
                0x000000000800c390       0x10 /tmp/ch.elf.Aq8eU8.ltrans0.ltrans.o
 .rodata.oslib_test_007_002
                0x000000000800c3a0       0x10 /tmp/ch.elf.Aq8eU8.ltrans0.ltrans.o
 .rodata.oslib_test_007_003
                0x000000000800c3b0       0x10 /tmp/ch.elf.Aq8eU8.ltrans0.ltrans.o
 .rodata.oslib_test_008_001
                0x000000000800c3c0       0x10 /tmp/ch.elf.Aq8eU8.ltrans0.ltrans.o
 .rodata.oslib_test_008_002
                0x000000000800c3d0       0x10 /tmp/ch.elf.Aq8eU8.ltrans0.ltrans.o
 .rodata.oslib_test_009_001
                0x000000000800c3e0       0x10 /tmp/ch.elf.Aq8eU8.ltrans0.ltrans.o
 .rodata.oslib_test_009_002
                0x000000000800c3f0       0x10 /tmp/ch.elf.Aq8eU8.ltrans0.ltrans.o
 .rodata.oslib_test_009_003
                0x000000000800c400       0x10 /tmp/ch.elf.Aq8eU8.ltrans0.ltrans.o
 .rodata.oslib_test_009_004
                0x000000000800c410       0x10 /tmp/ch.elf.Aq8eU8.ltrans0.ltrans.o
 .rodata.oslib_test_009_005
                0x000000000800c420       0x10 /tmp/ch.elf.Aq8eU8.ltrans0.ltrans.o
 .rodata.oslib_test_009_006
                0x000000000800c430       0x10 /tmp/ch.elf.Aq8eU8.ltrans0.ltrans.o
 .rodata.oslib_test_sequence_001
                0x000000000800c440        0x8 /tmp/ch.elf.Aq8eU8.ltrans0.ltrans.o
 .rodata.oslib_test_sequence_001_array
                0x000000000800c448       0x10 /tmp/ch.elf.Aq8eU8.ltrans0.ltrans.o
 .rodata.oslib_test_sequence_002
                0x000000000800c458        0x8 /tmp/ch.elf.Aq8eU8.ltrans0.ltrans.o
 .rodata.oslib_test_sequence_002_array
                0x000000000800c460       0x10 /tmp/ch.elf.Aq8eU8.ltrans0.ltrans.o
 .rodata.oslib_test_sequence_003
                0x000000000800c470        0x8 /tmp/ch.elf.Aq8eU8.ltrans0.ltrans.o
 .rodata.oslib_test_sequence_003_array
                0x000000000800c478        0xc /tmp/ch.elf.Aq8eU8.ltrans0.ltrans.o
 .rodata.oslib_test_sequence_004
                0x000000000800c484        0x8 /tmp/ch.elf.Aq8eU8.ltrans0.ltrans.o
 .rodata.oslib_test_sequence_004_array
                0x000000000800c48c        0x8 /tmp/ch.elf.Aq8eU8.ltrans0.ltrans.o
 .rodata.oslib_test_sequence_005
                0x000000000800c494        0x8 /tmp/ch.elf.Aq8eU8.ltrans0.ltrans.o
 .rodata.oslib_test_sequence_005_array
                0x000000000800c49c        0x8 /tmp/ch.elf.Aq8eU8.ltrans0.ltrans.o
 .rodata.oslib_test_sequence_006
                0x000000000800c4a4        0x8 /tmp/ch.elf.Aq8eU8.ltrans0.ltrans.o
 .rodata.oslib_test_sequence_006_array
                0x000000000800c4ac        0x8 /tmp/ch.elf.Aq8eU8.ltrans0.ltrans.o
 .rodata.oslib_test_sequence_007
                0x000000000800c4b4        0x8 /tmp/ch.elf.Aq8eU8.ltrans0.ltrans.o
 .rodata.oslib_test_sequence_007_array
                0x000000000800c4bc       0x10 /tmp/ch.elf.Aq8eU8.ltrans0.ltrans.o
 .rodata.oslib_test_sequence_008
                0x000000000800c4cc        0x8 /tmp/ch.elf.Aq8eU8.ltrans0.ltrans.o
 .rodata.oslib_test_sequence_008_array
                0x000000000800c4d4        0xc /tmp/ch.elf.Aq8eU8.ltrans0.ltrans.o
 .rodata.oslib_test_sequence_009
                0x000000000800c4e0        0x8 /tmp/ch.elf.Aq8eU8.ltrans0.ltrans.o
 .rodata.oslib_test_sequence_009_array
                0x000000000800c4e8       0x1c /tmp/ch.elf.Aq8eU8.ltrans0.ltrans.o
 .rodata.oslib_test_suite
                0x000000000800c504        0x8 /tmp/ch.elf.Aq8eU8.ltrans0.ltrans.o
 .rodata.oslib_test_suite_array
                0x000000000800c50c       0x28 /tmp/ch.elf.Aq8eU8.ltrans0.ltrans.o
 .rodata.pipe_pattern
                0x000000000800c534       0x11 /tmp/ch.elf.Aq8eU8.ltrans0.ltrans.o
 *fill*         0x000000000800c545        0x3 
 .rodata.rt_test_001_001
                0x000000000800c548       0x10 /tmp/ch.elf.Aq8eU8.ltrans0.ltrans.o
 .rodata.rt_test_001_002
                0x000000000800c558       0x10 /tmp/ch.elf.Aq8eU8.ltrans0.ltrans.o
 .rodata.rt_test_001_003
                0x000000000800c568       0x10 /tmp/ch.elf.Aq8eU8.ltrans0.ltrans.o
 .rodata.rt_test_002_001
                0x000000000800c578       0x10 /tmp/ch.elf.Aq8eU8.ltrans0.ltrans.o
 .rodata.rt_test_002_002
                0x000000000800c588       0x10 /tmp/ch.elf.Aq8eU8.ltrans0.ltrans.o
 .rodata.rt_test_002_003
                0x000000000800c598       0x10 /tmp/ch.elf.Aq8eU8.ltrans0.ltrans.o
 .rodata.rt_test_003_001
                0x000000000800c5a8       0x10 /tmp/ch.elf.Aq8eU8.ltrans0.ltrans.o
 .rodata.rt_test_003_002
                0x000000000800c5b8       0x10 /tmp/ch.elf.Aq8eU8.ltrans0.ltrans.o
 .rodata.rt_test_004_001
                0x000000000800c5c8       0x10 /tmp/ch.elf.Aq8eU8.ltrans0.ltrans.o
 .rodata.rt_test_004_002
                0x000000000800c5d8       0x10 /tmp/ch.elf.Aq8eU8.ltrans0.ltrans.o
 .rodata.rt_test_004_003
                0x000000000800c5e8       0x10 /tmp/ch.elf.Aq8eU8.ltrans0.ltrans.o
 .rodata.rt_test_004_004
                0x000000000800c5f8       0x10 /tmp/ch.elf.Aq8eU8.ltrans0.ltrans.o
 .rodata.rt_test_005_001
                0x000000000800c608       0x10 /tmp/ch.elf.Aq8eU8.ltrans0.ltrans.o
 .rodata.rt_test_006_001
                0x000000000800c618       0x10 /tmp/ch.elf.Aq8eU8.ltrans0.ltrans.o
 .rodata.rt_test_006_002
                0x000000000800c628       0x10 /tmp/ch.elf.Aq8eU8.ltrans0.ltrans.o
 .rodata.rt_test_006_003
                0x000000000800c638       0x10 /tmp/ch.elf.Aq8eU8.ltrans0.ltrans.o
 .rodata.rt_test_006_004
                0x000000000800c648       0x10 /tmp/ch.elf.Aq8eU8.ltrans0.ltrans.o
 .rodata.rt_test_006_005
                0x000000000800c658       0x10 /tmp/ch.elf.Aq8eU8.ltrans0.ltrans.o
 .rodata.rt_test_006_006
                0x000000000800c668       0x10 /tmp/ch.elf.Aq8eU8.ltrans0.ltrans.o
 .rodata.rt_test_007_001
                0x000000000800c678       0x10 /tmp/ch.elf.Aq8eU8.ltrans0.ltrans.o
 .rodata.rt_test_007_004
                0x000000000800c688       0x10 /tmp/ch.elf.Aq8eU8.ltrans0.ltrans.o
 .rodata.rt_test_007_005
                0x000000000800c698       0x10 /tmp/ch.elf.Aq8eU8.ltrans0.ltrans.o
 .rodata.rt_test_007_007
                0x000000000800c6a8       0x10 /tmp/ch.elf.Aq8eU8.ltrans0.ltrans.o
 .rodata.rt_test_007_008
                0x000000000800c6b8       0x10 /tmp/ch.elf.Aq8eU8.ltrans0.ltrans.o
 .rodata.rt_test_007_009
                0x000000000800c6c8       0x10 /tmp/ch.elf.Aq8eU8.ltrans0.ltrans.o
 .rodata.rt_test_008_001
                0x000000000800c6d8       0x10 /tmp/ch.elf.Aq8eU8.ltrans0.ltrans.o
 .rodata.rt_test_009_001
                0x000000000800c6e8       0x10 /tmp/ch.elf.Aq8eU8.ltrans0.ltrans.o
 .rodata.rt_test_009_002
                0x000000000800c6f8       0x10 /tmp/ch.elf.Aq8eU8.ltrans0.ltrans.o
 .rodata.rt_test_009_003
                0x000000000800c708       0x10 /tmp/ch.elf.Aq8eU8.ltrans0.ltrans.o
 .rodata.rt_test_009_004
                0x000000000800c718       0x10 /tmp/ch.elf.Aq8eU8.ltrans0.ltrans.o
 .rodata.rt_test_009_005
                0x000000000800c728       0x10 /tmp/ch.elf.Aq8eU8.ltrans0.ltrans.o
 .rodata.rt_test_009_006
                0x000000000800c738       0x10 /tmp/ch.elf.Aq8eU8.ltrans0.ltrans.o
 .rodata.rt_test_009_007
                0x000000000800c748       0x10 /tmp/ch.elf.Aq8eU8.ltrans0.ltrans.o
 .rodata.rt_test_010_001
                0x000000000800c758       0x10 /tmp/ch.elf.Aq8eU8.ltrans0.ltrans.o
 .rodata.rt_test_010_002
                0x000000000800c768       0x10 /tmp/ch.elf.Aq8eU8.ltrans0.ltrans.o
 .rodata.rt_test_011_001
                0x000000000800c778       0x10 /tmp/ch.elf.Aq8eU8.ltrans0.ltrans.o
 .rodata.rt_test_011_002
                0x000000000800c788       0x10 /tmp/ch.elf.Aq8eU8.ltrans0.ltrans.o
 .rodata.rt_test_011_003
                0x000000000800c798       0x10 /tmp/ch.elf.Aq8eU8.ltrans0.ltrans.o
 .rodata.rt_test_011_004
                0x000000000800c7a8       0x10 /tmp/ch.elf.Aq8eU8.ltrans0.ltrans.o
 .rodata.rt_test_011_005
                0x000000000800c7b8       0x10 /tmp/ch.elf.Aq8eU8.ltrans0.ltrans.o
 .rodata.rt_test_011_006
                0x000000000800c7c8       0x10 /tmp/ch.elf.Aq8eU8.ltrans0.ltrans.o
 .rodata.rt_test_011_007
                0x000000000800c7d8       0x10 /tmp/ch.elf.Aq8eU8.ltrans0.ltrans.o
 .rodata.rt_test_011_008
                0x000000000800c7e8       0x10 /tmp/ch.elf.Aq8eU8.ltrans0.ltrans.o
 .rodata.rt_test_011_009
                0x000000000800c7f8       0x10 /tmp/ch.elf.Aq8eU8.ltrans0.ltrans.o
 .rodata.rt_test_011_010
                0x000000000800c808       0x10 /tmp/ch.elf.Aq8eU8.ltrans0.ltrans.o
 .rodata.rt_test_011_011
                0x000000000800c818       0x10 /tmp/ch.elf.Aq8eU8.ltrans0.ltrans.o
 .rodata.rt_test_011_012
                0x000000000800c828       0x10 /tmp/ch.elf.Aq8eU8.ltrans0.ltrans.o
 .rodata.rt_test_sequence_001
                0x000000000800c838        0x8 /tmp/ch.elf.Aq8eU8.ltrans0.ltrans.o
 .rodata.rt_test_sequence_001_array
                0x000000000800c840       0x10 /tmp/ch.elf.Aq8eU8.ltrans0.ltrans.o
 .rodata.rt_test_sequence_002
                0x000000000800c850        0x8 /tmp/ch.elf.Aq8eU8.ltrans0.ltrans.o
 .rodata.rt_test_sequence_002_array
                0x000000000800c858       0x10 /tmp/ch.elf.Aq8eU8.ltrans0.ltrans.o
 .rodata.rt_test_sequence_003
                0x000000000800c868        0x8 /tmp/ch.elf.Aq8eU8.ltrans0.ltrans.o
 .rodata.rt_test_sequence_003_array
                0x000000000800c870        0xc /tmp/ch.elf.Aq8eU8.ltrans0.ltrans.o
 .rodata.rt_test_sequence_004
                0x000000000800c87c        0x8 /tmp/ch.elf.Aq8eU8.ltrans0.ltrans.o
 .rodata.rt_test_sequence_004_array
                0x000000000800c884       0x14 /tmp/ch.elf.Aq8eU8.ltrans0.ltrans.o
 .rodata.rt_test_sequence_005
                0x000000000800c898        0x8 /tmp/ch.elf.Aq8eU8.ltrans0.ltrans.o
 .rodata.rt_test_sequence_005_array
                0x000000000800c8a0        0x8 /tmp/ch.elf.Aq8eU8.ltrans0.ltrans.o
 .rodata.rt_test_sequence_006
                0x000000000800c8a8        0x8 /tmp/ch.elf.Aq8eU8.ltrans0.ltrans.o
 .rodata.rt_test_sequence_006_array
                0x000000000800c8b0       0x1c /tmp/ch.elf.Aq8eU8.ltrans0.ltrans.o
 .rodata.rt_test_sequence_007
                0x000000000800c8cc        0x8 /tmp/ch.elf.Aq8eU8.ltrans0.ltrans.o
 .rodata.rt_test_sequence_007_array
                0x000000000800c8d4       0x1c /tmp/ch.elf.Aq8eU8.ltrans0.ltrans.o
 .rodata.rt_test_sequence_008
                0x000000000800c8f0        0x8 /tmp/ch.elf.Aq8eU8.ltrans0.ltrans.o
 .rodata.rt_test_sequence_008_array
                0x000000000800c8f8        0x8 /tmp/ch.elf.Aq8eU8.ltrans0.ltrans.o
 .rodata.rt_test_sequence_009
                0x000000000800c900        0x8 /tmp/ch.elf.Aq8eU8.ltrans0.ltrans.o
 .rodata.rt_test_sequence_009_array
                0x000000000800c908       0x20 /tmp/ch.elf.Aq8eU8.ltrans0.ltrans.o
 .rodata.rt_test_sequence_010
                0x000000000800c928        0x8 /tmp/ch.elf.Aq8eU8.ltrans0.ltrans.o
 .rodata.rt_test_sequence_010_array
                0x000000000800c930        0xc /tmp/ch.elf.Aq8eU8.ltrans0.ltrans.o
 .rodata.rt_test_sequence_011
                0x000000000800c93c        0x8 /tmp/ch.elf.Aq8eU8.ltrans0.ltrans.o
 .rodata.rt_test_sequence_011_array
                0x000000000800c944       0x34 /tmp/ch.elf.Aq8eU8.ltrans0.ltrans.o
 .rodata.rt_test_suite
                0x000000000800c978        0x8 /tmp/ch.elf.Aq8eU8.ltrans0.ltrans.o
 .rodata.rt_test_suite_array
                0x000000000800c980       0x30 /tmp/ch.elf.Aq8eU8.ltrans0.ltrans.o
 .rodata.shell_cfg1
                0x000000000800c9b0        0x8 /tmp/ch.elf.Aq8eU8.ltrans0.ltrans.o
 .rodata.shell_local_commands
                0x000000000800c9b8       0x40 /tmp/ch.elf.Aq8eU8.ltrans0.ltrans.o
 .rodata.states.8838
                0x000000000800c9f8       0x40 /tmp/ch.elf.Aq8eU8.ltrans0.ltrans.o
 .rodata.vmt    0x000000000800ca38       0x28 /tmp/ch.elf.Aq8eU8.ltrans0.ltrans.o
 .rodata.wa     0x000000000800ca60       0x14 /tmp/ch.elf.Aq8eU8.ltrans0.ltrans.o
 .rodata.__func__.8281
                0x000000000800ca74        0x9 /tmp/ch.elf.Aq8eU8.ltrans1.ltrans.o
 *fill*         0x000000000800ca7d        0x3 
 .rodata.ram_areas
                0x000000000800ca80       0x80 /tmp/ch.elf.Aq8eU8.ltrans1.ltrans.o
                0x000000000800cb00                . = ALIGN (0x4)
                0x000000000800cb00                __rodata_end__ = .

.rel.dyn        0x000000000800cb00        0x0
 .rel.iplt      0x000000000800cb00        0x0 ./build/obj/crt0_v7m.o

.ARM.extab
 *(.ARM.extab* .gnu.linkonce.armextab.*)

.ARM.exidx      0x000000000800cb00        0x0
                0x000000000800cb00                __exidx_base__ = .
                0x000000000800cb00                __exidx_start = .
 *(.ARM.exidx* .gnu.linkonce.armexidx.*)
                0x000000000800cb00                __exidx_end__ = .
                0x000000000800cb00                __exidx_end = .

.eh_frame_hdr
 *(.eh_frame_hdr)

.eh_frame
 *(.eh_frame)

.data           0x0000000020000800       0xdc load address 0x000000000800cb00
                [!provide]                        PROVIDE (_textdata = LOADADDR (.data))
                [!provide]                        PROVIDE (_data = .)
                0x000000000800cb00                __textdata_base__ = LOADADDR (.data)
                0x0000000020000800                __data_base__ = .
 *(.data)
 *(.data.*)
 .data.c1       0x0000000020000800        0x8 /tmp/ch.elf.Aq8eU8.ltrans0.ltrans.o
 .data.es1      0x0000000020000808        0x4 /tmp/ch.elf.Aq8eU8.ltrans0.ltrans.o
 .data.es2      0x000000002000080c        0x4 /tmp/ch.elf.Aq8eU8.ltrans0.ltrans.o
 .data.gmp1     0x0000000020000810       0x1c /tmp/ch.elf.Aq8eU8.ltrans0.ltrans.o
 .data.m1       0x000000002000082c       0x10 /tmp/ch.elf.Aq8eU8.ltrans0.ltrans.o
 .data.m2       0x000000002000083c       0x10 /tmp/ch.elf.Aq8eU8.ltrans0.ltrans.o
 .data.mb1      0x000000002000084c       0x28 /tmp/ch.elf.Aq8eU8.ltrans0.ltrans.o
 .data.mp1.lto_priv.1
                0x0000000020000874       0x10 /tmp/ch.elf.Aq8eU8.ltrans0.ltrans.o
 .data.myobj.8343
                0x0000000020000884        0x4 /tmp/ch.elf.Aq8eU8.ltrans0.ltrans.o
 .data.myobj.8345
                0x0000000020000888        0x4 /tmp/ch.elf.Aq8eU8.ltrans0.ltrans.o
 .data.pipe1    0x000000002000088c       0x50 /tmp/ch.elf.Aq8eU8.ltrans0.ltrans.o
 *(.ramtext)
                0x00000000200008dc                . = ALIGN (0x4)
                [!provide]                        PROVIDE (_edata = .)
                0x00000000200008dc                __data_end__ = .

.igot.plt       0x00000000200008dc        0x0 load address 0x000000000800cbdc
 .igot.plt      0x00000000200008dc        0x0 ./build/obj/crt0_v7m.o

.bss            0x00000000200008e0     0x1c10 load address 0x000000000800cbdc
                0x00000000200008e0                __bss_base__ = .
 *(.bss)
 *(.bss.*)
 .bss.SD3       0x00000000200008e0       0x7c /tmp/ch.elf.Aq8eU8.ltrans0.ltrans.o
 .bss.buffer    0x000000002000095c       0x10 /tmp/ch.elf.Aq8eU8.ltrans0.ltrans.o
 .bss.cache1    0x000000002000096c       0x44 /tmp/ch.elf.Aq8eU8.ltrans0.ltrans.o
 .bss.ch        0x00000000200009b0      0x880 /tmp/ch.elf.Aq8eU8.ltrans0.ltrans.o
                0x00000000200009b0                ch
 .bss.ch_factory
                0x0000000020001230       0x48 /tmp/ch.elf.Aq8eU8.ltrans0.ltrans.o
 .bss.ch_idle_thread_wa
                0x0000000020001278       0xd8 /tmp/ch.elf.Aq8eU8.ltrans0.ltrans.o
 .bss.ch_memcore
                0x0000000020001350        0x8 /tmp/ch.elf.Aq8eU8.ltrans0.ltrans.o
 .bss.default_heap
                0x0000000020001358       0x1c /tmp/ch.elf.Aq8eU8.ltrans0.ltrans.o
 .bss.exit_flag
                0x0000000020001374        0x1 /tmp/ch.elf.Aq8eU8.ltrans0.ltrans.o
 *fill*         0x0000000020001375        0x3 
 .bss.hash_headers
                0x0000000020001378       0x40 /tmp/ch.elf.Aq8eU8.ltrans0.ltrans.o
 .bss.heap1     0x00000000200013b8       0x1c /tmp/ch.elf.Aq8eU8.ltrans0.ltrans.o
 .bss.jobs      0x00000000200013d4       0x20 /tmp/ch.elf.Aq8eU8.ltrans0.ltrans.o
 .bss.jq        0x00000000200013f4       0x44 /tmp/ch.elf.Aq8eU8.ltrans0.ltrans.o
 .bss.mb_buffer
                0x0000000020001438       0x10 /tmp/ch.elf.Aq8eU8.ltrans0.ltrans.o
 .bss.mp1.lto_priv.0
                0x0000000020001448       0x10 /tmp/ch.elf.Aq8eU8.ltrans0.ltrans.o
 .bss.msg_queue
                0x0000000020001458       0x10 /tmp/ch.elf.Aq8eU8.ltrans0.ltrans.o
 .bss.mtx1      0x0000000020001468       0x10 /tmp/ch.elf.Aq8eU8.ltrans0.ltrans.o
 .bss.objects.lto_priv.0
                0x0000000020001478       0xf0 /tmp/ch.elf.Aq8eU8.ltrans0.ltrans.o
 .bss.objects.lto_priv.1
                0x0000000020001568       0x10 /tmp/ch.elf.Aq8eU8.ltrans0.ltrans.o
 .bss.sem1.lto_priv.0
                0x0000000020001578        0xc /tmp/ch.elf.Aq8eU8.ltrans0.ltrans.o
 .bss.sem1.lto_priv.1
                0x0000000020001584        0xc /tmp/ch.elf.Aq8eU8.ltrans0.ltrans.o
 .bss.shell_terminated
                0x0000000020001590        0x4 /tmp/ch.elf.Aq8eU8.ltrans0.ltrans.o
 *fill*         0x0000000020001594        0x4 
 .bss.test_buffer
                0x0000000020001598      0x668 /tmp/ch.elf.Aq8eU8.ltrans0.ltrans.o
 .bss.test_chp  0x0000000020001c00        0x4 /tmp/ch.elf.Aq8eU8.ltrans0.ltrans.o
 .bss.test_failure_message
                0x0000000020001c04        0x4 /tmp/ch.elf.Aq8eU8.ltrans0.ltrans.o
 .bss.test_global_fail
                0x0000000020001c08        0x1 /tmp/ch.elf.Aq8eU8.ltrans0.ltrans.o
 *fill*         0x0000000020001c09        0x3 
 .bss.test_heap
                0x0000000020001c0c       0x1c /tmp/ch.elf.Aq8eU8.ltrans0.ltrans.o
 .bss.test_heap_buffer
                0x0000000020001c28       0x80 /tmp/ch.elf.Aq8eU8.ltrans0.ltrans.o
 .bss.test_local_fail
                0x0000000020001ca8        0x1 /tmp/ch.elf.Aq8eU8.ltrans0.ltrans.o
 *fill*         0x0000000020001ca9        0x3 
 .bss.test_step
                0x0000000020001cac        0x4 /tmp/ch.elf.Aq8eU8.ltrans0.ltrans.o
 .bss.test_tokens_buffer
                0x0000000020001cb0       0x10 /tmp/ch.elf.Aq8eU8.ltrans0.ltrans.o
 .bss.test_tokp
                0x0000000020001cc0        0x4 /tmp/ch.elf.Aq8eU8.ltrans0.ltrans.o
 .bss.threads   0x0000000020001cc4       0x14 /tmp/ch.elf.Aq8eU8.ltrans0.ltrans.o
 .bss.tr1       0x0000000020001cd8        0x4 /tmp/ch.elf.Aq8eU8.ltrans0.ltrans.o
 .bss.vt1.8451  0x0000000020001cdc       0x14 /tmp/ch.elf.Aq8eU8.ltrans0.ltrans.o
 .bss.vt2.8452  0x0000000020001cf0       0x14 /tmp/ch.elf.Aq8eU8.ltrans0.ltrans.o
 *fill*         0x0000000020001d04        0x4 
 .bss.wa1Thread1
                0x0000000020001d08      0x1c8 /tmp/ch.elf.Aq8eU8.ltrans0.ltrans.o
 .bss.wa2Thread1
                0x0000000020001ed0      0x1c8 /tmp/ch.elf.Aq8eU8.ltrans0.ltrans.o
 .bss.waThread1.lto_priv.0
                0x0000000020002098      0x1c8 /tmp/ch.elf.Aq8eU8.ltrans0.ltrans.o